Validated 2037 dialogues / 10029 turns / 80232 candidate generations
Imported 7841 successful turns; retained 1 errors
Saved successful turns: 7841; pending dialogues: 434
Saved dialogue=344 turn=4 status=error
Saved dialogue=1605 turn=0 status=success
Saved dialogue=1605 turn=1 status=success
Saved dialogue=1605 turn=2 status=success
Saved dialogue=1605 turn=3 status=success
Saved dialogue=1605 turn=4 status=success
Saved dialogue=1606 turn=0 status=success
Saved dialogue=1606 turn=1 status=success
Saved dialogue=1606 turn=2 status=success
Saved dialogue=1606 turn=3 status=success
Saved dialogue=1606 turn=4 status=success
Saved dialogue=1607 turn=0 status=success
Saved dialogue=1607 turn=1 status=success
Saved dialogue=1607 turn=2 status=success
Saved dialogue=1607 turn=3 status=success
Saved dialogue=1607 turn=4 status=success
Saved dialogue=1608 turn=0 status=success
Saved dialogue=1608 turn=1 status=success
Saved dialogue=1608 turn=2 status=success
Saved dialogue=1608 turn=3 status=success
Saved dialogue=1608 turn=4 status=success
Saved dialogue=1609 turn=0 status=success
Saved dialogue=1609 turn=1 status=success
Saved dialogue=1609 turn=2 status=success
Saved dialogue=1609 turn=3 status=success
Saved dialogue=1609 turn=4 status=success
Saved dialogue=1610 turn=0 status=success
Saved dialogue=1610 turn=1 status=success
Saved dialogue=1610 turn=2 status=success
Saved dialogue=1610 turn=3 status=success
Saved dialogue=1610 turn=4 status=success
Saved dialogue=1611 turn=0 status=success
Saved dialogue=1611 turn=1 status=success
Saved dialogue=1611 turn=2 status=success
Saved dialogue=1611 turn=3 status=success
Saved dialogue=1611 turn=4 status=success
Saved dialogue=1612 turn=0 status=success
Saved dialogue=1612 turn=1 status=success
Saved dialogue=1612 turn=2 status=success
Saved dialogue=1612 turn=3 status=success
Saved dialogue=1612 turn=4 status=success
Saved dialogue=1613 turn=0 status=success
Saved dialogue=1613 turn=1 status=success
Saved dialogue=1613 turn=2 status=success
Saved dialogue=1613 turn=3 status=success
Saved dialogue=1613 turn=4 status=success
Saved dialogue=1614 turn=0 status=success
Saved dialogue=1614 turn=1 status=success
Saved dialogue=1614 turn=2 status=success
Saved dialogue=1614 turn=3 status=success
Saved dialogue=1614 turn=4 status=success
Saved dialogue=1615 turn=0 status=success
Saved dialogue=1615 turn=1 status=success
Saved dialogue=1615 turn=2 status=success
Saved dialogue=1615 turn=3 status=success
Saved dialogue=1615 turn=4 status=success
Saved dialogue=1616 turn=0 status=success
Saved dialogue=1616 turn=1 status=success
Saved dialogue=1616 turn=2 status=success
Saved dialogue=1616 turn=3 status=success
Saved dialogue=1616 turn=4 status=success
Saved dialogue=1617 turn=0 status=success
Saved dialogue=1617 turn=1 status=success
Saved dialogue=1617 turn=2 status=success
Saved dialogue=1617 turn=3 status=success
Saved dialogue=1617 turn=4 status=success
Saved dialogue=1618 turn=0 status=success
Saved dialogue=1618 turn=1 status=success
Saved dialogue=1618 turn=2 status=success
Saved dialogue=1618 turn=3 status=success
Saved dialogue=1618 turn=4 status=success
Saved dialogue=1619 turn=0 status=success
Saved dialogue=1619 turn=1 status=success
Saved dialogue=1619 turn=2 status=success
Saved dialogue=1619 turn=3 status=success
Saved dialogue=1619 turn=4 status=success
Saved dialogue=1620 turn=0 status=success
Saved dialogue=1620 turn=1 status=success
Saved dialogue=1620 turn=2 status=success
Saved dialogue=1620 turn=3 status=success
Saved dialogue=1620 turn=4 status=success
Saved dialogue=1621 turn=0 status=success
Saved dialogue=1621 turn=1 status=success
Saved dialogue=1621 turn=2 status=success
Saved dialogue=1621 turn=3 status=success
Saved dialogue=1621 turn=4 status=success
Saved dialogue=1622 turn=0 status=success
Saved dialogue=1622 turn=1 status=success
Saved dialogue=1622 turn=2 status=success
Saved dialogue=1622 turn=3 status=success
Saved dialogue=1622 turn=4 status=success
Saved dialogue=1623 turn=0 status=success
Saved dialogue=1623 turn=1 status=success
Saved dialogue=1623 turn=2 status=success
Saved dialogue=1623 turn=3 status=success
Saved dialogue=1623 turn=4 status=success
Saved dialogue=1624 turn=0 status=success
Saved dialogue=1624 turn=1 status=success
Saved dialogue=1624 turn=2 status=success
Saved dialogue=1624 turn=3 status=success
Saved dialogue=1624 turn=4 status=success
Saved dialogue=1625 turn=0 status=success
Saved dialogue=1625 turn=1 status=success
Saved dialogue=1625 turn=2 status=success
Saved dialogue=1625 turn=3 status=success
Saved dialogue=1625 turn=4 status=success
Saved dialogue=1626 turn=0 status=success
Saved dialogue=1626 turn=1 status=success
Saved dialogue=1626 turn=2 status=success
Saved dialogue=1626 turn=3 status=success
Saved dialogue=1626 turn=4 status=success
Saved dialogue=1627 turn=0 status=success
Saved dialogue=1627 turn=1 status=success
Saved dialogue=1627 turn=2 status=success
Saved dialogue=1627 turn=3 status=success
Saved dialogue=1627 turn=4 status=success
Saved dialogue=1627 turn=5 status=success
Saved dialogue=1628 turn=0 status=success
Saved dialogue=1628 turn=1 status=success
Saved dialogue=1628 turn=2 status=success
Saved dialogue=1628 turn=3 status=success
Saved dialogue=1628 turn=4 status=success
Saved dialogue=1629 turn=0 status=success
Saved dialogue=1629 turn=1 status=success
Saved dialogue=1629 turn=2 status=success
Saved dialogue=1629 turn=3 status=success
Saved dialogue=1629 turn=4 status=success
Saved dialogue=1630 turn=0 status=success
Saved dialogue=1630 turn=1 status=success
Saved dialogue=1630 turn=2 status=success
Saved dialogue=1630 turn=3 status=success
Saved dialogue=1630 turn=4 status=success
Saved dialogue=1631 turn=0 status=success
Saved dialogue=1631 turn=1 status=success
Saved dialogue=1631 turn=2 status=success
Saved dialogue=1631 turn=3 status=success
Saved dialogue=1631 turn=4 status=success
Saved dialogue=1632 turn=0 status=success
Saved dialogue=1632 turn=1 status=success
Saved dialogue=1632 turn=2 status=success
Saved dialogue=1632 turn=3 status=success
Saved dialogue=1632 turn=4 status=success
Saved dialogue=1633 turn=0 status=success
Saved dialogue=1633 turn=1 status=success
Saved dialogue=1633 turn=2 status=success
Saved dialogue=1633 turn=3 status=success
Saved dialogue=1633 turn=4 status=success
Saved dialogue=1634 turn=0 status=success
Saved dialogue=1634 turn=1 status=success
Saved dialogue=1634 turn=2 status=success
Saved dialogue=1634 turn=3 status=success
Saved dialogue=1634 turn=4 status=success
Saved dialogue=1635 turn=0 status=success
Saved dialogue=1635 turn=1 status=success
Saved dialogue=1635 turn=2 status=success
Saved dialogue=1635 turn=3 status=success
Saved dialogue=1635 turn=4 status=success
Saved dialogue=1636 turn=0 status=success
Saved dialogue=1636 turn=1 status=success
Saved dialogue=1636 turn=2 status=success
Saved dialogue=1636 turn=3 status=success
Saved dialogue=1636 turn=4 status=success
Saved dialogue=1637 turn=0 status=success
Saved dialogue=1637 turn=1 status=success
Saved dialogue=1637 turn=2 status=success
Saved dialogue=1637 turn=3 status=success
Saved dialogue=1637 turn=4 status=success
Saved dialogue=1638 turn=0 status=success
Saved dialogue=1638 turn=1 status=success
Saved dialogue=1638 turn=2 status=success
Saved dialogue=1638 turn=3 status=success
Saved dialogue=1638 turn=4 status=success
Saved dialogue=1639 turn=0 status=success
Saved dialogue=1639 turn=1 status=success
Saved dialogue=1639 turn=2 status=success
Saved dialogue=1639 turn=3 status=success
Saved dialogue=1639 turn=4 status=success
Saved dialogue=1640 turn=0 status=success
Saved dialogue=1640 turn=1 status=success
Saved dialogue=1640 turn=2 status=success
Saved dialogue=1640 turn=3 status=success
Saved dialogue=1640 turn=4 status=success
Saved dialogue=1641 turn=0 status=success
Saved dialogue=1641 turn=1 status=success
Saved dialogue=1641 turn=2 status=success
Saved dialogue=1641 turn=3 status=success
Saved dialogue=1641 turn=4 status=success
Saved dialogue=1642 turn=0 status=success
Saved dialogue=1642 turn=1 status=success
Saved dialogue=1642 turn=2 status=success
Saved dialogue=1642 turn=3 status=success
Saved dialogue=1642 turn=4 status=success
Saved dialogue=1643 turn=0 status=success
Saved dialogue=1643 turn=1 status=success
Saved dialogue=1643 turn=2 status=success
Saved dialogue=1643 turn=3 status=success
Saved dialogue=1643 turn=4 status=success
Saved dialogue=1644 turn=0 status=success
Saved dialogue=1644 turn=1 status=success
Saved dialogue=1644 turn=2 status=success
Saved dialogue=1644 turn=3 status=success
Saved dialogue=1644 turn=4 status=success
Saved dialogue=1645 turn=0 status=success
Saved dialogue=1645 turn=1 status=success
Saved dialogue=1645 turn=2 status=success
Saved dialogue=1645 turn=3 status=success
Saved dialogue=1645 turn=4 status=success
Saved dialogue=1646 turn=0 status=success
Saved dialogue=1646 turn=1 status=success
Saved dialogue=1646 turn=2 status=success
Saved dialogue=1646 turn=3 status=success
Saved dialogue=1646 turn=4 status=success
Saved dialogue=1647 turn=0 status=success
Saved dialogue=1647 turn=1 status=success
Saved dialogue=1647 turn=2 status=success
Saved dialogue=1647 turn=3 status=success
Saved dialogue=1647 turn=4 status=success
Saved dialogue=1648 turn=0 status=success
Saved dialogue=1648 turn=1 status=success
Saved dialogue=1648 turn=2 status=success
Saved dialogue=1648 turn=3 status=success
Saved dialogue=1648 turn=4 status=success
Saved dialogue=1649 turn=0 status=success
Saved dialogue=1649 turn=1 status=success
Saved dialogue=1649 turn=2 status=success
Saved dialogue=1649 turn=3 status=success
Saved dialogue=1649 turn=4 status=success
Saved dialogue=1650 turn=0 status=success
Saved dialogue=1650 turn=1 status=success
Saved dialogue=1650 turn=2 status=success
Saved dialogue=1650 turn=3 status=success
Saved dialogue=1650 turn=4 status=success
Saved dialogue=1651 turn=0 status=success
Saved dialogue=1651 turn=1 status=success
Saved dialogue=1651 turn=2 status=success
Saved dialogue=1651 turn=3 status=success
Saved dialogue=1651 turn=4 status=success
Saved dialogue=1652 turn=0 status=success
Saved dialogue=1652 turn=1 status=success
Saved dialogue=1652 turn=2 status=success
Saved dialogue=1652 turn=3 status=success
Saved dialogue=1652 turn=4 status=success
Saved dialogue=1653 turn=0 status=success
Saved dialogue=1653 turn=1 status=success
Saved dialogue=1653 turn=2 status=success
Saved dialogue=1653 turn=3 status=success
Saved dialogue=1653 turn=4 status=success
Saved dialogue=1654 turn=0 status=success
Saved dialogue=1654 turn=1 status=success
Saved dialogue=1654 turn=2 status=success
Saved dialogue=1654 turn=3 status=success
Saved dialogue=1654 turn=4 status=success
Saved dialogue=1655 turn=0 status=success
Saved dialogue=1655 turn=1 status=success
Saved dialogue=1655 turn=2 status=success
Saved dialogue=1655 turn=3 status=success
Saved dialogue=1655 turn=4 status=success
Saved dialogue=1656 turn=0 status=success
Saved dialogue=1656 turn=1 status=success
Saved dialogue=1656 turn=2 status=success
Saved dialogue=1656 turn=3 status=success
Saved dialogue=1656 turn=4 status=success
Saved dialogue=1657 turn=0 status=success
Saved dialogue=1657 turn=1 status=success
Saved dialogue=1657 turn=2 status=success
Saved dialogue=1657 turn=3 status=success
Saved dialogue=1657 turn=4 status=success
Saved dialogue=1658 turn=0 status=success
Saved dialogue=1658 turn=1 status=success
Saved dialogue=1658 turn=2 status=success
Saved dialogue=1658 turn=3 status=success
Saved dialogue=1658 turn=4 status=success
Saved dialogue=1659 turn=0 status=success
Saved dialogue=1659 turn=1 status=success
Saved dialogue=1659 turn=2 status=success
Saved dialogue=1659 turn=3 status=success
Saved dialogue=1659 turn=4 status=success
Saved dialogue=1660 turn=0 status=success
Saved dialogue=1660 turn=1 status=success
Saved dialogue=1660 turn=2 status=success
Saved dialogue=1660 turn=3 status=success
Saved dialogue=1660 turn=4 status=success
Saved dialogue=1661 turn=0 status=success
Saved dialogue=1661 turn=1 status=success
Saved dialogue=1661 turn=2 status=success
Saved dialogue=1661 turn=3 status=success
Saved dialogue=1661 turn=4 status=success
Saved dialogue=1662 turn=0 status=success
Saved dialogue=1662 turn=1 status=success
Saved dialogue=1662 turn=2 status=success
Saved dialogue=1662 turn=3 status=success
Saved dialogue=1662 turn=4 status=success
Saved dialogue=1663 turn=0 status=success
Saved dialogue=1663 turn=1 status=success
Saved dialogue=1663 turn=2 status=success
Saved dialogue=1663 turn=3 status=success
Saved dialogue=1663 turn=4 status=success
Saved dialogue=1664 turn=0 status=success
Saved dialogue=1664 turn=1 status=success
Saved dialogue=1664 turn=2 status=success
Saved dialogue=1664 turn=3 status=success
Saved dialogue=1664 turn=4 status=success
Saved dialogue=1665 turn=0 status=success
Saved dialogue=1665 turn=1 status=success
Saved dialogue=1665 turn=2 status=success
Saved dialogue=1665 turn=3 status=success
Saved dialogue=1665 turn=4 status=success
Saved dialogue=1666 turn=0 status=success
Saved dialogue=1666 turn=1 status=success
Saved dialogue=1666 turn=2 status=success
Saved dialogue=1666 turn=3 status=success
Saved dialogue=1666 turn=4 status=success
Saved dialogue=1667 turn=0 status=success
Saved dialogue=1667 turn=1 status=success
Saved dialogue=1667 turn=2 status=success
Saved dialogue=1667 turn=3 status=success
Saved dialogue=1667 turn=4 status=success
Saved dialogue=1668 turn=0 status=success
Saved dialogue=1668 turn=1 status=success
Saved dialogue=1668 turn=2 status=success
Saved dialogue=1668 turn=3 status=success
Saved dialogue=1668 turn=4 status=success
Saved dialogue=1669 turn=0 status=success
Saved dialogue=1669 turn=1 status=success
Saved dialogue=1669 turn=2 status=success
Saved dialogue=1669 turn=3 status=success
Saved dialogue=1669 turn=4 status=success
Saved dialogue=1670 turn=0 status=success
Saved dialogue=1670 turn=1 status=success
Saved dialogue=1670 turn=2 status=success
Saved dialogue=1670 turn=3 status=success
Saved dialogue=1670 turn=4 status=success
Saved dialogue=1671 turn=0 status=success
Saved dialogue=1671 turn=1 status=success
Saved dialogue=1671 turn=2 status=success
Saved dialogue=1671 turn=3 status=success
Saved dialogue=1671 turn=4 status=success
Saved dialogue=1672 turn=0 status=success
Saved dialogue=1672 turn=1 status=success
Saved dialogue=1672 turn=2 status=success
Saved dialogue=1672 turn=3 status=success
Saved dialogue=1672 turn=4 status=success
Saved dialogue=1673 turn=0 status=success
Saved dialogue=1673 turn=1 status=success
Saved dialogue=1673 turn=2 status=success
Saved dialogue=1673 turn=3 status=success
Saved dialogue=1673 turn=4 status=success
Saved dialogue=1674 turn=0 status=success
Saved dialogue=1674 turn=1 status=success
Saved dialogue=1674 turn=2 status=success
Saved dialogue=1674 turn=3 status=success
Saved dialogue=1674 turn=4 status=success
Saved dialogue=1675 turn=0 status=success
Saved dialogue=1675 turn=1 status=success
Saved dialogue=1675 turn=2 status=success
Saved dialogue=1675 turn=3 status=success
Saved dialogue=1675 turn=4 status=success
Saved dialogue=1676 turn=0 status=success
Saved dialogue=1676 turn=1 status=success
Saved dialogue=1676 turn=2 status=success
Saved dialogue=1676 turn=3 status=success
Saved dialogue=1676 turn=4 status=success
Saved dialogue=1677 turn=0 status=success
Saved dialogue=1677 turn=1 status=success
Saved dialogue=1677 turn=2 status=success
Saved dialogue=1677 turn=3 status=success
Saved dialogue=1677 turn=4 status=success
Saved dialogue=1678 turn=0 status=success
Saved dialogue=1678 turn=1 status=success
Saved dialogue=1678 turn=2 status=success
Saved dialogue=1678 turn=3 status=success
Saved dialogue=1678 turn=4 status=success
Saved dialogue=1679 turn=0 status=success
Saved dialogue=1679 turn=1 status=success
Saved dialogue=1679 turn=2 status=success
Saved dialogue=1679 turn=3 status=success
Saved dialogue=1679 turn=4 status=success
Saved dialogue=1680 turn=0 status=success
Saved dialogue=1680 turn=1 status=success
Saved dialogue=1680 turn=2 status=success
Saved dialogue=1680 turn=3 status=success
Saved dialogue=1680 turn=4 status=success
Saved dialogue=1681 turn=0 status=success
Saved dialogue=1681 turn=1 status=success
Saved dialogue=1681 turn=2 status=success
Saved dialogue=1681 turn=3 status=success
Saved dialogue=1681 turn=4 status=success
Saved dialogue=1682 turn=0 status=success
Saved dialogue=1682 turn=1 status=success
Saved dialogue=1682 turn=2 status=success
Saved dialogue=1682 turn=3 status=success
Saved dialogue=1682 turn=4 status=success
Saved dialogue=1683 turn=0 status=success
Saved dialogue=1683 turn=1 status=success
Saved dialogue=1683 turn=2 status=success
Saved dialogue=1683 turn=3 status=success
Saved dialogue=1683 turn=4 status=success
Saved dialogue=1684 turn=0 status=success
Saved dialogue=1684 turn=1 status=success
Saved dialogue=1684 turn=2 status=success
Saved dialogue=1684 turn=3 status=success
Saved dialogue=1684 turn=4 status=success
Saved dialogue=1685 turn=0 status=success
Saved dialogue=1685 turn=1 status=success
Saved dialogue=1685 turn=2 status=success
Saved dialogue=1685 turn=3 status=success
Saved dialogue=1685 turn=4 status=success
Saved dialogue=1686 turn=0 status=success
Saved dialogue=1686 turn=1 status=success
Saved dialogue=1686 turn=2 status=success
Saved dialogue=1686 turn=3 status=success
Saved dialogue=1686 turn=4 status=success
Saved dialogue=1687 turn=0 status=success
Saved dialogue=1687 turn=1 status=success
Saved dialogue=1687 turn=2 status=success
Saved dialogue=1687 turn=3 status=success
Saved dialogue=1687 turn=4 status=success
Saved dialogue=1687 turn=5 status=success
Saved dialogue=1688 turn=0 status=success
Saved dialogue=1688 turn=1 status=success
Saved dialogue=1688 turn=2 status=success
Saved dialogue=1688 turn=3 status=success
Saved dialogue=1688 turn=4 status=success
Saved dialogue=1689 turn=0 status=success
Saved dialogue=1689 turn=1 status=success
Saved dialogue=1689 turn=2 status=success
Saved dialogue=1689 turn=3 status=success
Saved dialogue=1689 turn=4 status=success
Saved dialogue=1690 turn=0 status=success
Saved dialogue=1690 turn=1 status=success
Saved dialogue=1690 turn=2 status=success
Saved dialogue=1690 turn=3 status=success
Saved dialogue=1690 turn=4 status=success
Saved dialogue=1691 turn=0 status=success
Saved dialogue=1691 turn=1 status=success
Saved dialogue=1691 turn=2 status=success
Saved dialogue=1691 turn=3 status=success
Saved dialogue=1691 turn=4 status=success
Saved dialogue=1692 turn=0 status=success
Saved dialogue=1692 turn=1 status=success
Saved dialogue=1692 turn=2 status=success
Saved dialogue=1692 turn=3 status=success
Saved dialogue=1692 turn=4 status=success
Saved dialogue=1693 turn=0 status=success
Saved dialogue=1693 turn=1 status=success
Saved dialogue=1693 turn=2 status=success
Saved dialogue=1693 turn=3 status=success
Saved dialogue=1693 turn=4 status=success
Saved dialogue=1694 turn=0 status=success
Saved dialogue=1694 turn=1 status=success
Saved dialogue=1694 turn=2 status=success
Saved dialogue=1694 turn=3 status=success
Saved dialogue=1694 turn=4 status=success
Saved dialogue=1695 turn=0 status=success
Saved dialogue=1695 turn=1 status=success
Saved dialogue=1695 turn=2 status=success
Saved dialogue=1695 turn=3 status=success
Saved dialogue=1695 turn=4 status=success
Saved dialogue=1696 turn=0 status=success
Saved dialogue=1696 turn=1 status=success
Saved dialogue=1696 turn=2 status=success
Saved dialogue=1696 turn=3 status=success
Saved dialogue=1696 turn=4 status=success
Saved dialogue=1697 turn=0 status=success
Saved dialogue=1697 turn=1 status=success
Saved dialogue=1697 turn=2 status=success
Saved dialogue=1697 turn=3 status=success
Saved dialogue=1697 turn=4 status=success
Saved dialogue=1698 turn=0 status=success
Saved dialogue=1698 turn=1 status=success
Saved dialogue=1698 turn=2 status=success
Saved dialogue=1698 turn=3 status=success
Saved dialogue=1698 turn=4 status=success
Saved dialogue=1699 turn=0 status=success
Saved dialogue=1699 turn=1 status=success
Saved dialogue=1699 turn=2 status=success
Saved dialogue=1699 turn=3 status=success
Saved dialogue=1699 turn=4 status=success
Saved dialogue=1700 turn=0 status=success
Saved dialogue=1700 turn=1 status=success
Saved dialogue=1700 turn=2 status=success
Saved dialogue=1700 turn=3 status=success
Saved dialogue=1700 turn=4 status=success
Saved dialogue=1701 turn=0 status=success
Saved dialogue=1701 turn=1 status=success
Saved dialogue=1701 turn=2 status=success
Saved dialogue=1701 turn=3 status=success
Saved dialogue=1701 turn=4 status=success
Saved dialogue=1702 turn=0 status=success
Saved dialogue=1702 turn=1 status=success
Saved dialogue=1702 turn=2 status=success
Saved dialogue=1702 turn=3 status=success
Saved dialogue=1702 turn=4 status=success
Saved dialogue=1703 turn=0 status=success
Saved dialogue=1703 turn=1 status=success
Saved dialogue=1703 turn=2 status=success
Saved dialogue=1703 turn=3 status=success
Saved dialogue=1703 turn=4 status=success
Saved dialogue=1704 turn=0 status=success
Saved dialogue=1704 turn=1 status=success
Saved dialogue=1704 turn=2 status=success
Saved dialogue=1704 turn=3 status=success
Saved dialogue=1704 turn=4 status=success
Saved dialogue=1705 turn=0 status=success
Saved dialogue=1705 turn=1 status=success
Saved dialogue=1705 turn=2 status=success
Saved dialogue=1705 turn=3 status=success
Saved dialogue=1705 turn=4 status=success
Saved dialogue=1706 turn=0 status=success
Saved dialogue=1706 turn=1 status=success
Saved dialogue=1706 turn=2 status=success
Saved dialogue=1706 turn=3 status=success
Saved dialogue=1706 turn=4 status=success
Saved dialogue=1707 turn=0 status=success
Saved dialogue=1707 turn=1 status=success
Saved dialogue=1707 turn=2 status=success
Saved dialogue=1707 turn=3 status=success
Saved dialogue=1707 turn=4 status=success
Saved dialogue=1708 turn=0 status=success
Saved dialogue=1708 turn=1 status=success
Saved dialogue=1708 turn=2 status=success
Saved dialogue=1708 turn=3 status=success
Saved dialogue=1708 turn=4 status=success
Saved dialogue=1709 turn=0 status=success
Saved dialogue=1709 turn=1 status=success
Saved dialogue=1709 turn=2 status=success
Saved dialogue=1709 turn=3 status=success
Saved dialogue=1709 turn=4 status=success
Saved dialogue=1710 turn=0 status=success
Saved dialogue=1710 turn=1 status=success
Saved dialogue=1710 turn=2 status=success
Saved dialogue=1710 turn=3 status=success
Saved dialogue=1710 turn=4 status=success
Saved dialogue=1711 turn=0 status=success
Saved dialogue=1711 turn=1 status=success
Saved dialogue=1711 turn=2 status=success
Saved dialogue=1711 turn=3 status=success
Saved dialogue=1711 turn=4 status=success
Saved dialogue=1712 turn=0 status=success
Saved dialogue=1712 turn=1 status=success
Saved dialogue=1712 turn=2 status=success
Saved dialogue=1712 turn=3 status=success
Saved dialogue=1712 turn=4 status=success
Saved dialogue=1713 turn=0 status=success
Saved dialogue=1713 turn=1 status=success
Saved dialogue=1713 turn=2 status=success
Saved dialogue=1713 turn=3 status=success
Saved dialogue=1713 turn=4 status=success
Saved dialogue=1714 turn=0 status=success
Saved dialogue=1714 turn=1 status=success
Saved dialogue=1714 turn=2 status=success
Saved dialogue=1714 turn=3 status=success
Saved dialogue=1714 turn=4 status=success
Saved dialogue=1715 turn=0 status=success
Saved dialogue=1715 turn=1 status=success
Saved dialogue=1715 turn=2 status=success
Saved dialogue=1715 turn=3 status=success
Saved dialogue=1715 turn=4 status=success
Saved dialogue=1716 turn=0 status=success
Saved dialogue=1716 turn=1 status=success
Saved dialogue=1716 turn=2 status=success
Saved dialogue=1716 turn=3 status=success
Saved dialogue=1716 turn=4 status=success
Saved dialogue=1717 turn=0 status=success
Saved dialogue=1717 turn=1 status=success
Saved dialogue=1717 turn=2 status=success
Saved dialogue=1717 turn=3 status=success
Saved dialogue=1717 turn=4 status=success
Saved dialogue=1718 turn=0 status=success
Saved dialogue=1718 turn=1 status=success
Saved dialogue=1718 turn=2 status=success
Saved dialogue=1718 turn=3 status=success
Saved dialogue=1718 turn=4 status=success
Saved dialogue=1719 turn=0 status=success
Saved dialogue=1719 turn=1 status=success
Saved dialogue=1719 turn=2 status=success
Saved dialogue=1719 turn=3 status=success
Saved dialogue=1719 turn=4 status=success
Saved dialogue=1720 turn=0 status=success
Saved dialogue=1720 turn=1 status=success
Saved dialogue=1720 turn=2 status=success
Saved dialogue=1720 turn=3 status=success
Saved dialogue=1720 turn=4 status=success
Saved dialogue=1721 turn=0 status=success
Saved dialogue=1721 turn=1 status=success
Saved dialogue=1721 turn=2 status=success
Saved dialogue=1721 turn=3 status=success
Saved dialogue=1721 turn=4 status=success
Saved dialogue=1722 turn=0 status=success
Saved dialogue=1722 turn=1 status=success
Saved dialogue=1722 turn=2 status=success
Saved dialogue=1722 turn=3 status=success
Saved dialogue=1722 turn=4 status=success
Saved dialogue=1723 turn=0 status=success
Saved dialogue=1723 turn=1 status=success
Saved dialogue=1723 turn=2 status=success
Saved dialogue=1723 turn=3 status=success
Saved dialogue=1723 turn=4 status=success
Saved dialogue=1724 turn=0 status=success
Saved dialogue=1724 turn=1 status=success
Saved dialogue=1724 turn=2 status=success
Saved dialogue=1724 turn=3 status=success
Saved dialogue=1724 turn=4 status=success
Saved dialogue=1725 turn=0 status=success
Saved dialogue=1725 turn=1 status=success
Saved dialogue=1725 turn=2 status=success
Saved dialogue=1725 turn=3 status=success
Saved dialogue=1725 turn=4 status=success
Saved dialogue=1726 turn=0 status=success
Saved dialogue=1726 turn=1 status=success
Saved dialogue=1726 turn=2 status=success
Saved dialogue=1726 turn=3 status=success
Saved dialogue=1726 turn=4 status=success
Saved dialogue=1727 turn=0 status=success
Saved dialogue=1727 turn=1 status=success
Saved dialogue=1727 turn=2 status=success
Saved dialogue=1727 turn=3 status=success
Saved dialogue=1727 turn=4 status=success
Saved dialogue=1728 turn=0 status=success
Saved dialogue=1728 turn=1 status=success
Saved dialogue=1728 turn=2 status=success
Saved dialogue=1728 turn=3 status=success
Saved dialogue=1728 turn=4 status=success
Saved dialogue=1729 turn=0 status=success
Saved dialogue=1729 turn=1 status=success
Saved dialogue=1729 turn=2 status=success
Saved dialogue=1729 turn=3 status=success
Saved dialogue=1729 turn=4 status=success
Saved dialogue=1730 turn=0 status=success
Saved dialogue=1730 turn=1 status=success
Saved dialogue=1730 turn=2 status=success
Saved dialogue=1730 turn=3 status=success
Saved dialogue=1730 turn=4 status=success
Saved dialogue=1731 turn=0 status=success
Saved dialogue=1731 turn=1 status=success
Saved dialogue=1731 turn=2 status=success
Saved dialogue=1731 turn=3 status=success
Saved dialogue=1731 turn=4 status=success
Saved dialogue=1732 turn=0 status=success
Saved dialogue=1732 turn=1 status=success
Saved dialogue=1732 turn=2 status=success
Saved dialogue=1732 turn=3 status=success
Saved dialogue=1732 turn=4 status=success
Saved dialogue=1733 turn=0 status=success
Saved dialogue=1733 turn=1 status=success
Saved dialogue=1733 turn=2 status=success
Saved dialogue=1733 turn=3 status=success
Saved dialogue=1733 turn=4 status=success
Saved dialogue=1734 turn=0 status=success
Saved dialogue=1734 turn=1 status=success
Saved dialogue=1734 turn=2 status=success
Saved dialogue=1734 turn=3 status=success
Saved dialogue=1734 turn=4 status=success
Saved dialogue=1735 turn=0 status=success
Saved dialogue=1735 turn=1 status=success
Saved dialogue=1735 turn=2 status=success
Saved dialogue=1735 turn=3 status=success
Saved dialogue=1735 turn=4 status=success
Saved dialogue=1736 turn=0 status=success
Saved dialogue=1736 turn=1 status=success
Saved dialogue=1736 turn=2 status=success
Saved dialogue=1736 turn=3 status=success
Saved dialogue=1736 turn=4 status=success
Saved dialogue=1737 turn=0 status=success
Saved dialogue=1737 turn=1 status=success
Saved dialogue=1737 turn=2 status=success
Saved dialogue=1737 turn=3 status=success
Saved dialogue=1737 turn=4 status=success
Saved dialogue=1738 turn=0 status=success
Saved dialogue=1738 turn=1 status=success
Saved dialogue=1738 turn=2 status=success
Saved dialogue=1738 turn=3 status=success
Saved dialogue=1738 turn=4 status=success
Saved dialogue=1739 turn=0 status=success
Saved dialogue=1739 turn=1 status=success
Saved dialogue=1739 turn=2 status=success
Saved dialogue=1739 turn=3 status=success
Saved dialogue=1739 turn=4 status=success
Saved dialogue=1740 turn=0 status=success
Saved dialogue=1740 turn=1 status=success
Saved dialogue=1740 turn=2 status=success
Saved dialogue=1740 turn=3 status=success
Saved dialogue=1740 turn=4 status=success
Saved dialogue=1741 turn=0 status=success
Saved dialogue=1741 turn=1 status=success
Saved dialogue=1741 turn=2 status=success
Saved dialogue=1741 turn=3 status=success
Saved dialogue=1741 turn=4 status=success
Saved dialogue=1742 turn=0 status=success
Saved dialogue=1742 turn=1 status=success
Saved dialogue=1742 turn=2 status=success
Saved dialogue=1742 turn=3 status=success
Saved dialogue=1742 turn=4 status=success
Saved dialogue=1743 turn=0 status=success
Saved dialogue=1743 turn=1 status=success
Saved dialogue=1743 turn=2 status=success
Saved dialogue=1743 turn=3 status=success
Saved dialogue=1743 turn=4 status=success
Saved dialogue=1744 turn=0 status=success
Saved dialogue=1744 turn=1 status=success
Saved dialogue=1744 turn=2 status=success
Saved dialogue=1744 turn=3 status=success
Saved dialogue=1744 turn=4 status=success
Saved dialogue=1745 turn=0 status=success
Saved dialogue=1745 turn=1 status=success
Saved dialogue=1745 turn=2 status=success
Saved dialogue=1745 turn=3 status=success
Saved dialogue=1745 turn=4 status=success
Saved dialogue=1746 turn=0 status=success
Saved dialogue=1746 turn=1 status=success
Saved dialogue=1746 turn=2 status=success
Saved dialogue=1746 turn=3 status=success
Saved dialogue=1746 turn=4 status=success
Saved dialogue=1747 turn=0 status=success
Saved dialogue=1747 turn=1 status=success
Saved dialogue=1747 turn=2 status=success
Saved dialogue=1747 turn=3 status=success
Saved dialogue=1747 turn=4 status=success
Saved dialogue=1748 turn=0 status=success
Saved dialogue=1748 turn=1 status=success
Saved dialogue=1748 turn=2 status=success
Saved dialogue=1748 turn=3 status=success
Saved dialogue=1748 turn=4 status=success
Saved dialogue=1749 turn=0 status=success
Saved dialogue=1749 turn=1 status=success
Saved dialogue=1749 turn=2 status=success
Saved dialogue=1749 turn=3 status=success
Saved dialogue=1749 turn=4 status=success
Saved dialogue=1750 turn=0 status=success
Saved dialogue=1750 turn=1 status=success
Saved dialogue=1750 turn=2 status=success
Saved dialogue=1750 turn=3 status=success
Saved dialogue=1750 turn=4 status=success
Saved dialogue=1751 turn=0 status=success
Saved dialogue=1751 turn=1 status=success
Saved dialogue=1751 turn=2 status=success
Saved dialogue=1751 turn=3 status=success
Saved dialogue=1751 turn=4 status=success
Saved dialogue=1752 turn=0 status=success
Saved dialogue=1752 turn=1 status=success
Saved dialogue=1752 turn=2 status=success
Saved dialogue=1752 turn=3 status=success
Saved dialogue=1752 turn=4 status=success
Saved dialogue=1753 turn=0 status=success
Saved dialogue=1753 turn=1 status=success
Saved dialogue=1753 turn=2 status=success
Saved dialogue=1753 turn=3 status=success
Saved dialogue=1753 turn=4 status=success
Saved dialogue=1754 turn=0 status=success
Saved dialogue=1754 turn=1 status=success
Saved dialogue=1754 turn=2 status=success
Saved dialogue=1754 turn=3 status=success
Saved dialogue=1754 turn=4 status=success
Saved dialogue=1755 turn=0 status=success
Saved dialogue=1755 turn=1 status=success
Saved dialogue=1755 turn=2 status=success
Saved dialogue=1755 turn=3 status=success
Saved dialogue=1755 turn=4 status=success
Saved dialogue=1756 turn=0 status=success
Saved dialogue=1756 turn=1 status=success
Saved dialogue=1756 turn=2 status=success
Saved dialogue=1756 turn=3 status=success
Saved dialogue=1756 turn=4 status=success
Saved dialogue=1757 turn=0 status=success
Saved dialogue=1757 turn=1 status=success
Saved dialogue=1757 turn=2 status=success
Saved dialogue=1757 turn=3 status=success
Saved dialogue=1757 turn=4 status=success
Saved dialogue=1758 turn=0 status=success
Saved dialogue=1758 turn=1 status=success
Saved dialogue=1758 turn=2 status=success
Saved dialogue=1758 turn=3 status=success
Saved dialogue=1758 turn=4 status=success
Saved dialogue=1759 turn=0 status=success
Saved dialogue=1759 turn=1 status=success
Saved dialogue=1759 turn=2 status=success
Saved dialogue=1759 turn=3 status=success
Saved dialogue=1759 turn=4 status=success
Saved dialogue=1760 turn=0 status=success
Saved dialogue=1760 turn=1 status=success
Saved dialogue=1760 turn=2 status=success
Saved dialogue=1760 turn=3 status=success
Saved dialogue=1760 turn=4 status=success
Saved dialogue=1761 turn=0 status=success
Saved dialogue=1761 turn=1 status=success
Saved dialogue=1761 turn=2 status=success
Saved dialogue=1761 turn=3 status=success
Saved dialogue=1761 turn=4 status=success
Saved dialogue=1762 turn=0 status=success
Saved dialogue=1762 turn=1 status=success
Saved dialogue=1762 turn=2 status=success
Saved dialogue=1762 turn=3 status=success
Saved dialogue=1762 turn=4 status=success
Saved dialogue=1763 turn=0 status=success
Saved dialogue=1763 turn=1 status=success
Saved dialogue=1763 turn=2 status=success
Saved dialogue=1763 turn=3 status=success
Saved dialogue=1763 turn=4 status=success
Saved dialogue=1764 turn=0 status=success
Saved dialogue=1764 turn=1 status=success
Saved dialogue=1764 turn=2 status=success
Saved dialogue=1764 turn=3 status=success
Saved dialogue=1764 turn=4 status=success
Saved dialogue=1765 turn=0 status=success
Saved dialogue=1765 turn=1 status=success
Saved dialogue=1765 turn=2 status=success
Saved dialogue=1765 turn=3 status=success
Saved dialogue=1765 turn=4 status=success
Saved dialogue=1766 turn=0 status=success
Saved dialogue=1766 turn=1 status=success
Saved dialogue=1766 turn=2 status=success
Saved dialogue=1766 turn=3 status=success
Saved dialogue=1766 turn=4 status=success
Saved dialogue=1767 turn=0 status=success
Saved dialogue=1767 turn=1 status=success
Saved dialogue=1767 turn=2 status=success
Saved dialogue=1767 turn=3 status=success
Saved dialogue=1767 turn=4 status=success
Saved dialogue=1768 turn=0 status=success
Saved dialogue=1768 turn=1 status=success
Saved dialogue=1768 turn=2 status=success
Saved dialogue=1768 turn=3 status=success
Saved dialogue=1768 turn=4 status=success
Saved dialogue=1769 turn=0 status=success
Saved dialogue=1769 turn=1 status=success
Saved dialogue=1769 turn=2 status=success
Saved dialogue=1769 turn=3 status=success
Saved dialogue=1769 turn=4 status=success
Saved dialogue=1770 turn=0 status=success
Saved dialogue=1770 turn=1 status=success
Saved dialogue=1770 turn=2 status=success
Saved dialogue=1770 turn=3 status=success
Saved dialogue=1770 turn=4 status=success
Saved dialogue=1771 turn=0 status=success
Saved dialogue=1771 turn=1 status=success
Saved dialogue=1771 turn=2 status=success
Saved dialogue=1771 turn=3 status=success
Saved dialogue=1771 turn=4 status=success
Saved dialogue=1772 turn=0 status=success
Saved dialogue=1772 turn=1 status=success
Saved dialogue=1772 turn=2 status=success
Saved dialogue=1772 turn=3 status=success
Saved dialogue=1772 turn=4 status=success
Saved dialogue=1773 turn=0 status=success
Saved dialogue=1773 turn=1 status=success
Saved dialogue=1773 turn=2 status=success
Saved dialogue=1773 turn=3 status=success
Saved dialogue=1773 turn=4 status=success
Saved dialogue=1774 turn=0 status=success
Saved dialogue=1774 turn=1 status=success
Saved dialogue=1774 turn=2 status=success
Saved dialogue=1774 turn=3 status=success
Saved dialogue=1775 turn=0 status=success
Saved dialogue=1775 turn=1 status=success
Saved dialogue=1775 turn=2 status=success
Saved dialogue=1775 turn=3 status=success
Saved dialogue=1775 turn=4 status=success
Saved dialogue=1776 turn=0 status=success
Saved dialogue=1776 turn=1 status=success
Saved dialogue=1776 turn=2 status=success
Saved dialogue=1776 turn=3 status=success
Saved dialogue=1776 turn=4 status=success
Saved dialogue=1777 turn=0 status=success
Saved dialogue=1777 turn=1 status=success
Saved dialogue=1777 turn=2 status=success
Saved dialogue=1777 turn=3 status=success
Saved dialogue=1777 turn=4 status=success
Saved dialogue=1778 turn=0 status=success
Saved dialogue=1778 turn=1 status=success
Saved dialogue=1778 turn=2 status=success
Saved dialogue=1778 turn=3 status=success
Saved dialogue=1778 turn=4 status=success
Saved dialogue=1779 turn=0 status=success
Saved dialogue=1779 turn=1 status=success
Saved dialogue=1779 turn=2 status=success
Saved dialogue=1779 turn=3 status=success
Saved dialogue=1779 turn=4 status=success
Saved dialogue=1780 turn=0 status=success
Saved dialogue=1780 turn=1 status=success
Saved dialogue=1780 turn=2 status=success
Saved dialogue=1780 turn=3 status=success
Saved dialogue=1780 turn=4 status=success
Saved dialogue=1781 turn=0 status=success
Saved dialogue=1781 turn=1 status=success
Saved dialogue=1781 turn=2 status=success
Saved dialogue=1781 turn=3 status=success
Saved dialogue=1781 turn=4 status=success
Saved dialogue=1782 turn=0 status=success
Saved dialogue=1782 turn=1 status=success
Saved dialogue=1782 turn=2 status=success
Saved dialogue=1782 turn=3 status=success
Saved dialogue=1782 turn=4 status=success
Saved dialogue=1783 turn=0 status=success
Saved dialogue=1783 turn=1 status=success
Saved dialogue=1783 turn=2 status=success
Saved dialogue=1783 turn=3 status=success
Saved dialogue=1783 turn=4 status=success
Saved dialogue=1784 turn=0 status=success
Saved dialogue=1784 turn=1 status=success
Saved dialogue=1784 turn=2 status=success
Saved dialogue=1784 turn=3 status=success
Saved dialogue=1784 turn=4 status=success
Saved dialogue=1785 turn=0 status=success
Saved dialogue=1785 turn=1 status=success
Saved dialogue=1785 turn=2 status=success
Saved dialogue=1785 turn=3 status=success
Saved dialogue=1785 turn=4 status=success
Saved dialogue=1786 turn=0 status=success
Saved dialogue=1786 turn=1 status=success
Saved dialogue=1786 turn=2 status=success
Saved dialogue=1786 turn=3 status=success
Saved dialogue=1786 turn=4 status=success
Saved dialogue=1787 turn=0 status=success
Saved dialogue=1787 turn=1 status=success
Saved dialogue=1787 turn=2 status=success
Saved dialogue=1787 turn=3 status=success
Saved dialogue=1787 turn=4 status=success
Saved dialogue=1788 turn=0 status=success
Saved dialogue=1788 turn=1 status=success
Saved dialogue=1788 turn=2 status=success
Saved dialogue=1788 turn=3 status=success
Saved dialogue=1788 turn=4 status=success
Saved dialogue=1789 turn=0 status=success
Saved dialogue=1789 turn=1 status=success
Saved dialogue=1789 turn=2 status=success
Saved dialogue=1789 turn=3 status=success
Saved dialogue=1789 turn=4 status=success
Saved dialogue=1790 turn=0 status=success
Saved dialogue=1790 turn=1 status=success
Saved dialogue=1790 turn=2 status=success
Saved dialogue=1790 turn=3 status=success
Saved dialogue=1790 turn=4 status=success
Saved dialogue=1791 turn=0 status=success
Saved dialogue=1791 turn=1 status=success
Saved dialogue=1791 turn=2 status=success
Saved dialogue=1791 turn=3 status=success
Saved dialogue=1791 turn=4 status=success
Saved dialogue=1792 turn=0 status=success
Saved dialogue=1792 turn=1 status=success
Saved dialogue=1792 turn=2 status=success
Saved dialogue=1792 turn=3 status=success
Saved dialogue=1792 turn=4 status=success
Saved dialogue=1793 turn=0 status=success
Saved dialogue=1793 turn=1 status=success
Saved dialogue=1793 turn=2 status=success
Saved dialogue=1793 turn=3 status=success
Saved dialogue=1793 turn=4 status=success
Saved dialogue=1794 turn=0 status=success
Saved dialogue=1794 turn=1 status=success
Saved dialogue=1794 turn=2 status=success
Saved dialogue=1794 turn=3 status=success
Saved dialogue=1794 turn=4 status=success
Saved dialogue=1795 turn=0 status=success
Saved dialogue=1795 turn=1 status=success
Saved dialogue=1795 turn=2 status=success
Saved dialogue=1795 turn=3 status=success
Saved dialogue=1795 turn=4 status=success
Saved dialogue=1795 turn=5 status=success
Saved dialogue=1796 turn=0 status=success
Saved dialogue=1796 turn=1 status=success
Saved dialogue=1796 turn=2 status=success
Saved dialogue=1796 turn=3 status=success
Saved dialogue=1796 turn=4 status=success
Saved dialogue=1796 turn=5 status=success
Saved dialogue=1797 turn=0 status=success
Saved dialogue=1797 turn=1 status=success
Saved dialogue=1797 turn=2 status=success
Saved dialogue=1797 turn=3 status=success
Saved dialogue=1797 turn=4 status=success
Saved dialogue=1797 turn=5 status=success
Saved dialogue=1797 turn=6 status=success
Saved dialogue=1797 turn=7 status=success
Saved dialogue=1797 turn=8 status=success
Saved dialogue=1798 turn=0 status=success
Saved dialogue=1798 turn=1 status=success
Saved dialogue=1798 turn=2 status=success
Saved dialogue=1798 turn=3 status=success
Saved dialogue=1798 turn=4 status=success
Saved dialogue=1799 turn=0 status=success
Saved dialogue=1799 turn=1 status=success
Saved dialogue=1799 turn=2 status=success
Saved dialogue=1799 turn=3 status=success
Saved dialogue=1799 turn=4 status=success
Saved dialogue=1800 turn=0 status=success
Saved dialogue=1800 turn=1 status=success
Saved dialogue=1800 turn=2 status=success
Saved dialogue=1800 turn=3 status=success
Saved dialogue=1800 turn=4 status=success
Saved dialogue=1801 turn=0 status=success
Saved dialogue=1801 turn=1 status=success
Saved dialogue=1801 turn=2 status=success
Saved dialogue=1801 turn=3 status=success
Saved dialogue=1801 turn=4 status=success
Saved dialogue=1801 turn=5 status=success
Saved dialogue=1801 turn=6 status=success
Saved dialogue=1801 turn=7 status=success
Saved dialogue=1801 turn=8 status=success
Saved dialogue=1802 turn=0 status=success
Saved dialogue=1802 turn=1 status=success
Saved dialogue=1802 turn=2 status=success
Saved dialogue=1802 turn=3 status=success
Saved dialogue=1802 turn=4 status=success
Saved dialogue=1803 turn=0 status=success
Saved dialogue=1803 turn=1 status=success
Saved dialogue=1803 turn=2 status=success
Saved dialogue=1803 turn=3 status=success
Saved dialogue=1803 turn=4 status=success
Saved dialogue=1804 turn=0 status=success
Saved dialogue=1804 turn=1 status=success
Saved dialogue=1804 turn=2 status=success
Saved dialogue=1804 turn=3 status=success
Saved dialogue=1804 turn=4 status=success
Saved dialogue=1805 turn=0 status=success
Saved dialogue=1805 turn=1 status=success
Saved dialogue=1805 turn=2 status=success
Saved dialogue=1805 turn=3 status=success
Saved dialogue=1805 turn=4 status=success
Saved dialogue=1806 turn=0 status=success
Saved dialogue=1806 turn=1 status=success
Saved dialogue=1806 turn=2 status=success
Saved dialogue=1806 turn=3 status=success
Saved dialogue=1806 turn=4 status=success
Saved dialogue=1806 turn=5 status=success
Saved dialogue=1807 turn=0 status=success
Saved dialogue=1807 turn=1 status=success
Saved dialogue=1807 turn=2 status=success
Saved dialogue=1807 turn=3 status=success
Saved dialogue=1807 turn=4 status=success
Saved dialogue=1808 turn=0 status=success
Saved dialogue=1808 turn=1 status=success
Saved dialogue=1808 turn=2 status=success
Saved dialogue=1808 turn=3 status=success
Saved dialogue=1808 turn=4 status=success
Saved dialogue=1809 turn=0 status=success
Saved dialogue=1809 turn=1 status=success
Saved dialogue=1809 turn=2 status=success
Saved dialogue=1809 turn=3 status=success
Saved dialogue=1809 turn=4 status=success
Saved dialogue=1810 turn=0 status=success
Saved dialogue=1810 turn=1 status=success
Saved dialogue=1810 turn=2 status=success
Saved dialogue=1810 turn=3 status=success
Saved dialogue=1810 turn=4 status=success
Saved dialogue=1811 turn=0 status=success
Saved dialogue=1811 turn=1 status=success
Saved dialogue=1811 turn=2 status=success
Saved dialogue=1811 turn=3 status=success
Saved dialogue=1811 turn=4 status=success
Saved dialogue=1812 turn=0 status=success
Saved dialogue=1812 turn=1 status=success
Saved dialogue=1812 turn=2 status=success
Saved dialogue=1812 turn=3 status=success
Saved dialogue=1812 turn=4 status=success
Saved dialogue=1813 turn=0 status=success
Saved dialogue=1813 turn=1 status=success
Saved dialogue=1813 turn=2 status=success
Saved dialogue=1813 turn=3 status=success
Saved dialogue=1813 turn=4 status=success
Saved dialogue=1814 turn=0 status=success
Saved dialogue=1814 turn=1 status=success
Saved dialogue=1814 turn=2 status=success
Saved dialogue=1814 turn=3 status=success
Saved dialogue=1814 turn=4 status=success
Saved dialogue=1815 turn=0 status=success
Saved dialogue=1815 turn=1 status=success
Saved dialogue=1815 turn=2 status=success
Saved dialogue=1815 turn=3 status=success
Saved dialogue=1815 turn=4 status=success
Saved dialogue=1816 turn=0 status=success
Saved dialogue=1816 turn=1 status=success
Saved dialogue=1816 turn=2 status=success
Saved dialogue=1816 turn=3 status=success
Saved dialogue=1816 turn=4 status=success
Saved dialogue=1817 turn=0 status=success
Saved dialogue=1817 turn=1 status=success
Saved dialogue=1817 turn=2 status=success
Saved dialogue=1817 turn=3 status=success
Saved dialogue=1817 turn=4 status=success
Saved dialogue=1818 turn=0 status=success
Saved dialogue=1818 turn=1 status=success
Saved dialogue=1818 turn=2 status=success
Saved dialogue=1818 turn=3 status=success
Saved dialogue=1818 turn=4 status=success
Saved dialogue=1819 turn=0 status=success
Saved dialogue=1819 turn=1 status=success
Saved dialogue=1819 turn=2 status=success
Saved dialogue=1819 turn=3 status=success
Saved dialogue=1819 turn=4 status=success
Saved dialogue=1820 turn=0 status=success
Saved dialogue=1820 turn=1 status=success
Saved dialogue=1820 turn=2 status=success
Saved dialogue=1820 turn=3 status=success
Saved dialogue=1820 turn=4 status=success
Saved dialogue=1821 turn=0 status=success
Saved dialogue=1821 turn=1 status=success
Saved dialogue=1821 turn=2 status=success
Saved dialogue=1821 turn=3 status=success
Saved dialogue=1821 turn=4 status=success
Saved dialogue=1822 turn=0 status=success
Saved dialogue=1822 turn=1 status=success
Saved dialogue=1822 turn=2 status=success
Saved dialogue=1822 turn=3 status=success
Saved dialogue=1822 turn=4 status=success
Saved dialogue=1823 turn=0 status=success
Saved dialogue=1823 turn=1 status=success
Saved dialogue=1823 turn=2 status=success
Saved dialogue=1823 turn=3 status=success
Saved dialogue=1823 turn=4 status=success
Saved dialogue=1823 turn=5 status=success
Saved dialogue=1824 turn=0 status=success
Saved dialogue=1824 turn=1 status=success
Saved dialogue=1824 turn=2 status=success
Saved dialogue=1824 turn=3 status=success
Saved dialogue=1824 turn=4 status=success
Saved dialogue=1824 turn=5 status=success
Saved dialogue=1825 turn=0 status=success
Saved dialogue=1825 turn=1 status=success
Saved dialogue=1825 turn=2 status=success
Saved dialogue=1825 turn=3 status=success
Saved dialogue=1825 turn=4 status=success
Saved dialogue=1825 turn=5 status=success
Saved dialogue=1825 turn=6 status=success
Saved dialogue=1826 turn=0 status=success
Saved dialogue=1826 turn=1 status=success
Saved dialogue=1826 turn=2 status=success
Saved dialogue=1826 turn=3 status=success
Saved dialogue=1826 turn=4 status=success
Saved dialogue=1827 turn=0 status=success
Saved dialogue=1827 turn=1 status=success
Saved dialogue=1827 turn=2 status=success
Saved dialogue=1827 turn=3 status=success
Saved dialogue=1827 turn=4 status=success
Saved dialogue=1828 turn=0 status=success
Saved dialogue=1828 turn=1 status=success
Saved dialogue=1828 turn=2 status=success
Saved dialogue=1828 turn=3 status=success
Saved dialogue=1828 turn=4 status=success
Saved dialogue=1829 turn=0 status=success
Saved dialogue=1829 turn=1 status=success
Saved dialogue=1829 turn=2 status=success
Saved dialogue=1829 turn=3 status=success
Saved dialogue=1829 turn=4 status=success
Saved dialogue=1830 turn=0 status=success
Saved dialogue=1830 turn=1 status=success
Saved dialogue=1830 turn=2 status=success
Saved dialogue=1830 turn=3 status=success
Saved dialogue=1830 turn=4 status=success
Saved dialogue=1831 turn=0 status=success
Saved dialogue=1831 turn=1 status=success
Saved dialogue=1831 turn=2 status=success
Saved dialogue=1831 turn=3 status=success
Saved dialogue=1831 turn=4 status=success
Saved dialogue=1832 turn=0 status=success
Saved dialogue=1832 turn=1 status=success
Saved dialogue=1832 turn=2 status=success
Saved dialogue=1832 turn=3 status=success
Saved dialogue=1832 turn=4 status=success
Saved dialogue=1833 turn=0 status=success
Saved dialogue=1833 turn=1 status=success
Saved dialogue=1833 turn=2 status=success
Saved dialogue=1833 turn=3 status=success
Saved dialogue=1833 turn=4 status=success
Saved dialogue=1834 turn=0 status=success
Saved dialogue=1834 turn=1 status=success
Saved dialogue=1834 turn=2 status=success
Saved dialogue=1834 turn=3 status=success
Saved dialogue=1834 turn=4 status=success
Saved dialogue=1835 turn=0 status=success
Saved dialogue=1835 turn=1 status=success
Saved dialogue=1835 turn=2 status=success
Saved dialogue=1835 turn=3 status=success
Saved dialogue=1835 turn=4 status=success
Saved dialogue=1836 turn=0 status=success
Saved dialogue=1836 turn=1 status=success
Saved dialogue=1836 turn=2 status=success
Saved dialogue=1836 turn=3 status=success
Saved dialogue=1836 turn=4 status=success
Saved dialogue=1837 turn=0 status=success
Saved dialogue=1837 turn=1 status=success
Saved dialogue=1837 turn=2 status=success
Saved dialogue=1837 turn=3 status=success
Saved dialogue=1837 turn=4 status=success
Saved dialogue=1838 turn=0 status=success
Saved dialogue=1838 turn=1 status=success
Saved dialogue=1838 turn=2 status=success
Saved dialogue=1838 turn=3 status=success
Saved dialogue=1838 turn=4 status=success
Saved dialogue=1839 turn=0 status=success
Saved dialogue=1839 turn=1 status=success
Saved dialogue=1839 turn=2 status=success
Saved dialogue=1839 turn=3 status=success
Saved dialogue=1839 turn=4 status=success
Saved dialogue=1840 turn=0 status=success
Saved dialogue=1840 turn=1 status=success
Saved dialogue=1840 turn=2 status=success
Saved dialogue=1840 turn=3 status=success
Saved dialogue=1840 turn=4 status=success
Saved dialogue=1841 turn=0 status=success
Saved dialogue=1841 turn=1 status=success
Saved dialogue=1841 turn=2 status=success
Saved dialogue=1841 turn=3 status=success
Saved dialogue=1842 turn=0 status=success
Saved dialogue=1842 turn=1 status=success
Saved dialogue=1842 turn=2 status=success
Saved dialogue=1842 turn=3 status=success
Saved dialogue=1842 turn=4 status=success
Saved dialogue=1843 turn=0 status=success
Saved dialogue=1843 turn=1 status=success
Saved dialogue=1843 turn=2 status=success
Saved dialogue=1843 turn=3 status=success
Saved dialogue=1843 turn=4 status=success
Saved dialogue=1844 turn=0 status=success
Saved dialogue=1844 turn=1 status=success
Saved dialogue=1844 turn=2 status=success
Saved dialogue=1844 turn=3 status=success
Saved dialogue=1844 turn=4 status=success
Saved dialogue=1845 turn=0 status=success
Saved dialogue=1845 turn=1 status=success
Saved dialogue=1845 turn=2 status=success
Saved dialogue=1845 turn=3 status=success
Saved dialogue=1845 turn=4 status=success
Saved dialogue=1846 turn=0 status=success
Saved dialogue=1846 turn=1 status=success
Saved dialogue=1846 turn=2 status=success
Saved dialogue=1846 turn=3 status=success
Saved dialogue=1846 turn=4 status=success
Saved dialogue=1847 turn=0 status=success
Saved dialogue=1847 turn=1 status=success
Saved dialogue=1847 turn=2 status=success
Saved dialogue=1847 turn=3 status=success
Saved dialogue=1847 turn=4 status=success
Saved dialogue=1848 turn=0 status=success
Saved dialogue=1848 turn=1 status=success
Saved dialogue=1848 turn=2 status=success
Saved dialogue=1848 turn=3 status=success
Saved dialogue=1848 turn=4 status=success
Saved dialogue=1849 turn=0 status=success
Saved dialogue=1849 turn=1 status=success
Saved dialogue=1849 turn=2 status=success
Saved dialogue=1849 turn=3 status=success
Saved dialogue=1849 turn=4 status=success
Saved dialogue=1850 turn=0 status=success
Saved dialogue=1850 turn=1 status=success
Saved dialogue=1850 turn=2 status=success
Saved dialogue=1850 turn=3 status=success
Saved dialogue=1850 turn=4 status=success
Saved dialogue=1851 turn=0 status=success
Saved dialogue=1851 turn=1 status=success
Saved dialogue=1851 turn=2 status=success
Saved dialogue=1851 turn=3 status=success
Saved dialogue=1851 turn=4 status=success
Saved dialogue=1852 turn=0 status=success
Saved dialogue=1852 turn=1 status=success
Saved dialogue=1852 turn=2 status=success
Saved dialogue=1852 turn=3 status=success
Saved dialogue=1852 turn=4 status=success
Saved dialogue=1853 turn=0 status=success
Saved dialogue=1853 turn=1 status=success
Saved dialogue=1853 turn=2 status=success
Saved dialogue=1853 turn=3 status=success
Saved dialogue=1854 turn=0 status=success
Saved dialogue=1854 turn=1 status=success
Saved dialogue=1854 turn=2 status=success
Saved dialogue=1854 turn=3 status=success
Saved dialogue=1854 turn=4 status=success
Saved dialogue=1855 turn=0 status=success
Saved dialogue=1855 turn=1 status=success
Saved dialogue=1855 turn=2 status=success
Saved dialogue=1855 turn=3 status=success
Saved dialogue=1855 turn=4 status=success
Saved dialogue=1856 turn=0 status=success
Saved dialogue=1856 turn=1 status=success
Saved dialogue=1856 turn=2 status=success
Saved dialogue=1856 turn=3 status=success
Saved dialogue=1856 turn=4 status=success
Saved dialogue=1857 turn=0 status=success
Saved dialogue=1857 turn=1 status=success
Saved dialogue=1857 turn=2 status=success
Saved dialogue=1857 turn=3 status=success
Saved dialogue=1857 turn=4 status=success
Saved dialogue=1858 turn=0 status=success
Saved dialogue=1858 turn=1 status=success
Saved dialogue=1858 turn=2 status=success
Saved dialogue=1858 turn=3 status=success
Saved dialogue=1858 turn=4 status=success
Saved dialogue=1859 turn=0 status=success
Saved dialogue=1859 turn=1 status=success
Saved dialogue=1859 turn=2 status=success
Saved dialogue=1859 turn=3 status=success
Saved dialogue=1859 turn=4 status=success
Saved dialogue=1860 turn=0 status=success
Saved dialogue=1860 turn=1 status=success
Saved dialogue=1860 turn=2 status=success
Saved dialogue=1860 turn=3 status=success
Saved dialogue=1860 turn=4 status=success
Saved dialogue=1861 turn=0 status=success
Saved dialogue=1861 turn=1 status=success
Saved dialogue=1861 turn=2 status=success
Saved dialogue=1861 turn=3 status=success
Saved dialogue=1861 turn=4 status=success
Saved dialogue=1862 turn=0 status=success
Saved dialogue=1862 turn=1 status=success
Saved dialogue=1862 turn=2 status=success
Saved dialogue=1862 turn=3 status=success
Saved dialogue=1862 turn=4 status=success
Saved dialogue=1863 turn=0 status=success
Saved dialogue=1863 turn=1 status=success
Saved dialogue=1863 turn=2 status=success
Saved dialogue=1863 turn=3 status=success
Saved dialogue=1863 turn=4 status=success
Saved dialogue=1864 turn=0 status=success
Saved dialogue=1864 turn=1 status=success
Saved dialogue=1864 turn=2 status=success
Saved dialogue=1864 turn=3 status=success
Saved dialogue=1864 turn=4 status=success
Saved dialogue=1864 turn=5 status=success
Saved dialogue=1865 turn=0 status=success
Saved dialogue=1865 turn=1 status=success
Saved dialogue=1865 turn=2 status=success
Saved dialogue=1865 turn=3 status=success
Saved dialogue=1865 turn=4 status=success
Saved dialogue=1866 turn=0 status=success
Saved dialogue=1866 turn=1 status=success
Saved dialogue=1866 turn=2 status=success
Saved dialogue=1866 turn=3 status=success
Saved dialogue=1866 turn=4 status=success
Saved dialogue=1867 turn=0 status=success
Saved dialogue=1867 turn=1 status=success
Saved dialogue=1867 turn=2 status=success
Saved dialogue=1867 turn=3 status=success
Saved dialogue=1867 turn=4 status=success
Saved dialogue=1868 turn=0 status=success
Saved dialogue=1868 turn=1 status=success
Saved dialogue=1868 turn=2 status=success
Saved dialogue=1868 turn=3 status=success
Saved dialogue=1868 turn=4 status=success
Saved dialogue=1869 turn=0 status=success
Saved dialogue=1869 turn=1 status=success
Saved dialogue=1869 turn=2 status=success
Saved dialogue=1869 turn=3 status=success
Saved dialogue=1869 turn=4 status=success
Saved dialogue=1869 turn=5 status=success
Saved dialogue=1870 turn=0 status=success
Saved dialogue=1870 turn=1 status=success
Saved dialogue=1870 turn=2 status=success
Saved dialogue=1870 turn=3 status=success
Saved dialogue=1870 turn=4 status=success
Saved dialogue=1871 turn=0 status=success
Saved dialogue=1871 turn=1 status=success
Saved dialogue=1871 turn=2 status=success
Saved dialogue=1871 turn=3 status=success
Saved dialogue=1871 turn=4 status=success
Saved dialogue=1872 turn=0 status=success
Saved dialogue=1872 turn=1 status=success
Saved dialogue=1872 turn=2 status=success
Saved dialogue=1872 turn=3 status=success
Saved dialogue=1872 turn=4 status=success
Saved dialogue=1873 turn=0 status=success
Saved dialogue=1873 turn=1 status=success
Saved dialogue=1873 turn=2 status=success
Saved dialogue=1873 turn=3 status=success
Saved dialogue=1873 turn=4 status=success
Saved dialogue=1874 turn=0 status=success
Saved dialogue=1874 turn=1 status=success
Saved dialogue=1874 turn=2 status=success
Saved dialogue=1874 turn=3 status=success
Saved dialogue=1874 turn=4 status=success
Saved dialogue=1875 turn=0 status=success
Saved dialogue=1875 turn=1 status=success
Saved dialogue=1875 turn=2 status=success
Saved dialogue=1875 turn=3 status=success
Saved dialogue=1875 turn=4 status=success
Saved dialogue=1876 turn=0 status=success
Saved dialogue=1876 turn=1 status=success
Saved dialogue=1876 turn=2 status=success
Saved dialogue=1876 turn=3 status=success
Saved dialogue=1876 turn=4 status=success
Saved dialogue=1877 turn=0 status=success
Saved dialogue=1877 turn=1 status=success
Saved dialogue=1877 turn=2 status=success
Saved dialogue=1877 turn=3 status=success
Saved dialogue=1877 turn=4 status=success
Saved dialogue=1878 turn=0 status=success
Saved dialogue=1878 turn=1 status=success
Saved dialogue=1878 turn=2 status=success
Saved dialogue=1878 turn=3 status=success
Saved dialogue=1878 turn=4 status=success
Saved dialogue=1879 turn=0 status=success
Saved dialogue=1879 turn=1 status=success
Saved dialogue=1879 turn=2 status=success
Saved dialogue=1879 turn=3 status=success
Saved dialogue=1879 turn=4 status=success
Saved dialogue=1880 turn=0 status=success
Saved dialogue=1880 turn=1 status=success
Saved dialogue=1880 turn=2 status=success
Saved dialogue=1880 turn=3 status=success
Saved dialogue=1880 turn=4 status=success
Saved dialogue=1881 turn=0 status=success
Saved dialogue=1881 turn=1 status=success
Saved dialogue=1881 turn=2 status=success
Saved dialogue=1881 turn=3 status=success
Saved dialogue=1881 turn=4 status=success
Saved dialogue=1882 turn=0 status=success
Saved dialogue=1882 turn=1 status=success
Saved dialogue=1882 turn=2 status=success
Saved dialogue=1882 turn=3 status=success
Saved dialogue=1882 turn=4 status=success
Saved dialogue=1883 turn=0 status=success
Saved dialogue=1883 turn=1 status=success
Saved dialogue=1883 turn=2 status=success
Saved dialogue=1883 turn=3 status=success
Saved dialogue=1883 turn=4 status=success
Saved dialogue=1884 turn=0 status=success
Saved dialogue=1884 turn=1 status=success
Saved dialogue=1884 turn=2 status=success
Saved dialogue=1884 turn=3 status=success
Saved dialogue=1884 turn=4 status=success
Saved dialogue=1885 turn=0 status=success
Saved dialogue=1885 turn=1 status=success
Saved dialogue=1885 turn=2 status=success
Saved dialogue=1885 turn=3 status=success
Saved dialogue=1885 turn=4 status=success
Saved dialogue=1886 turn=0 status=success
Saved dialogue=1886 turn=1 status=success
Saved dialogue=1886 turn=2 status=success
Saved dialogue=1886 turn=3 status=success
Saved dialogue=1886 turn=4 status=success
Saved dialogue=1887 turn=0 status=success
Saved dialogue=1887 turn=1 status=success
Saved dialogue=1887 turn=2 status=success
Saved dialogue=1887 turn=3 status=success
Saved dialogue=1887 turn=4 status=success
Saved dialogue=1888 turn=0 status=success
Saved dialogue=1888 turn=1 status=success
Saved dialogue=1888 turn=2 status=success
Saved dialogue=1888 turn=3 status=success
Saved dialogue=1888 turn=4 status=success
Saved dialogue=1889 turn=0 status=success
Saved dialogue=1889 turn=1 status=success
Saved dialogue=1889 turn=2 status=success
Saved dialogue=1889 turn=3 status=success
Saved dialogue=1889 turn=4 status=success
Saved dialogue=1890 turn=0 status=success
Saved dialogue=1890 turn=1 status=success
Saved dialogue=1890 turn=2 status=success
Saved dialogue=1890 turn=3 status=success
Saved dialogue=1890 turn=4 status=success
Saved dialogue=1891 turn=0 status=success
Saved dialogue=1891 turn=1 status=success
Saved dialogue=1891 turn=2 status=success
Saved dialogue=1891 turn=3 status=success
Saved dialogue=1891 turn=4 status=success
Saved dialogue=1892 turn=0 status=success
Saved dialogue=1892 turn=1 status=success
Saved dialogue=1892 turn=2 status=success
Saved dialogue=1892 turn=3 status=success
Saved dialogue=1892 turn=4 status=success
Saved dialogue=1893 turn=0 status=success
Saved dialogue=1893 turn=1 status=success
Saved dialogue=1893 turn=2 status=success
Saved dialogue=1893 turn=3 status=success
Saved dialogue=1893 turn=4 status=success
Saved dialogue=1894 turn=0 status=success
Saved dialogue=1894 turn=1 status=success
Saved dialogue=1894 turn=2 status=success
Saved dialogue=1894 turn=3 status=success
Saved dialogue=1894 turn=4 status=success
Saved dialogue=1895 turn=0 status=success
Saved dialogue=1895 turn=1 status=success
Saved dialogue=1895 turn=2 status=success
Saved dialogue=1895 turn=3 status=success
Saved dialogue=1895 turn=4 status=success
Saved dialogue=1896 turn=0 status=success
Saved dialogue=1896 turn=1 status=success
Saved dialogue=1896 turn=2 status=success
Saved dialogue=1896 turn=3 status=success
Saved dialogue=1896 turn=4 status=success
Saved dialogue=1897 turn=0 status=success
Saved dialogue=1897 turn=1 status=success
Saved dialogue=1897 turn=2 status=success
Saved dialogue=1897 turn=3 status=success
Saved dialogue=1897 turn=4 status=success
Saved dialogue=1898 turn=0 status=success
Saved dialogue=1898 turn=1 status=success
Saved dialogue=1898 turn=2 status=success
Saved dialogue=1898 turn=3 status=success
Saved dialogue=1898 turn=4 status=success
Saved dialogue=1899 turn=0 status=success
Saved dialogue=1899 turn=1 status=success
Saved dialogue=1899 turn=2 status=success
Saved dialogue=1899 turn=3 status=success
Saved dialogue=1899 turn=4 status=success
Saved dialogue=1900 turn=0 status=success
Saved dialogue=1900 turn=1 status=success
Saved dialogue=1900 turn=2 status=success
Saved dialogue=1900 turn=3 status=success
Saved dialogue=1900 turn=4 status=success
Saved dialogue=1901 turn=0 status=success
Saved dialogue=1901 turn=1 status=success
Saved dialogue=1901 turn=2 status=success
Saved dialogue=1901 turn=3 status=success
Saved dialogue=1901 turn=4 status=success
Saved dialogue=1902 turn=0 status=success
Saved dialogue=1902 turn=1 status=success
Saved dialogue=1902 turn=2 status=success
Saved dialogue=1902 turn=3 status=success
Saved dialogue=1902 turn=4 status=success
Saved dialogue=1903 turn=0 status=success
Saved dialogue=1903 turn=1 status=success
Saved dialogue=1903 turn=2 status=success
Saved dialogue=1903 turn=3 status=success
Saved dialogue=1903 turn=4 status=success
Saved dialogue=1904 turn=0 status=success
Saved dialogue=1904 turn=1 status=success
Saved dialogue=1904 turn=2 status=success
Saved dialogue=1904 turn=3 status=success
Saved dialogue=1904 turn=4 status=success
Saved dialogue=1905 turn=0 status=success
Saved dialogue=1905 turn=1 status=success
Saved dialogue=1905 turn=2 status=success
Saved dialogue=1905 turn=3 status=success
Saved dialogue=1905 turn=4 status=success
Saved dialogue=1905 turn=5 status=success
Saved dialogue=1906 turn=0 status=success
Saved dialogue=1906 turn=1 status=success
Saved dialogue=1906 turn=2 status=success
Saved dialogue=1906 turn=3 status=success
Saved dialogue=1906 turn=4 status=success
Saved dialogue=1907 turn=0 status=success
Saved dialogue=1907 turn=1 status=success
Saved dialogue=1907 turn=2 status=success
Saved dialogue=1907 turn=3 status=success
Saved dialogue=1907 turn=4 status=success
Saved dialogue=1908 turn=0 status=success
Saved dialogue=1908 turn=1 status=success
Saved dialogue=1908 turn=2 status=success
Saved dialogue=1908 turn=3 status=success
Saved dialogue=1908 turn=4 status=success
Saved dialogue=1909 turn=0 status=success
Saved dialogue=1909 turn=1 status=success
Saved dialogue=1909 turn=2 status=success
Saved dialogue=1909 turn=3 status=success
Saved dialogue=1909 turn=4 status=success
Saved dialogue=1910 turn=0 status=success
Saved dialogue=1910 turn=1 status=success
Saved dialogue=1910 turn=2 status=success
Saved dialogue=1910 turn=3 status=success
Saved dialogue=1910 turn=4 status=success
Saved dialogue=1911 turn=0 status=success
Saved dialogue=1911 turn=1 status=success
Saved dialogue=1911 turn=2 status=success
Saved dialogue=1911 turn=3 status=success
Saved dialogue=1911 turn=4 status=success
Saved dialogue=1912 turn=0 status=success
Saved dialogue=1912 turn=1 status=success
Saved dialogue=1912 turn=2 status=success
Saved dialogue=1912 turn=3 status=success
Saved dialogue=1912 turn=4 status=success
Saved dialogue=1913 turn=0 status=success
Saved dialogue=1913 turn=1 status=success
Saved dialogue=1913 turn=2 status=success
Saved dialogue=1913 turn=3 status=success
Saved dialogue=1913 turn=4 status=success
Saved dialogue=1913 turn=5 status=success
Saved dialogue=1914 turn=0 status=success
Saved dialogue=1914 turn=1 status=success
Saved dialogue=1914 turn=2 status=success
Saved dialogue=1914 turn=3 status=success
Saved dialogue=1914 turn=4 status=success
Saved dialogue=1915 turn=0 status=success
Saved dialogue=1915 turn=1 status=success
Saved dialogue=1915 turn=2 status=success
Saved dialogue=1915 turn=3 status=success
Saved dialogue=1915 turn=4 status=success
Saved dialogue=1916 turn=0 status=success
Saved dialogue=1916 turn=1 status=success
Saved dialogue=1916 turn=2 status=success
Saved dialogue=1916 turn=3 status=success
Saved dialogue=1916 turn=4 status=success
Saved dialogue=1917 turn=0 status=success
Saved dialogue=1917 turn=1 status=success
Saved dialogue=1917 turn=2 status=success
Saved dialogue=1917 turn=3 status=success
Saved dialogue=1917 turn=4 status=success
Saved dialogue=1918 turn=0 status=success
Saved dialogue=1918 turn=1 status=success
Saved dialogue=1918 turn=2 status=success
Saved dialogue=1918 turn=3 status=success
Saved dialogue=1918 turn=4 status=success
Saved dialogue=1919 turn=0 status=success
Saved dialogue=1919 turn=1 status=success
Saved dialogue=1919 turn=2 status=success
Saved dialogue=1919 turn=3 status=success
Saved dialogue=1919 turn=4 status=success
Saved dialogue=1920 turn=0 status=success
Saved dialogue=1920 turn=1 status=success
Saved dialogue=1920 turn=2 status=success
Saved dialogue=1920 turn=3 status=success
Saved dialogue=1920 turn=4 status=success
Saved dialogue=1921 turn=0 status=success
Saved dialogue=1921 turn=1 status=success
Saved dialogue=1921 turn=2 status=success
Saved dialogue=1921 turn=3 status=success
Saved dialogue=1921 turn=4 status=success
Saved dialogue=1922 turn=0 status=success
Saved dialogue=1922 turn=1 status=success
Saved dialogue=1922 turn=2 status=success
Saved dialogue=1922 turn=3 status=success
Saved dialogue=1922 turn=4 status=success
Saved dialogue=1923 turn=0 status=success
Saved dialogue=1923 turn=1 status=success
Saved dialogue=1923 turn=2 status=success
Saved dialogue=1923 turn=3 status=success
Saved dialogue=1923 turn=4 status=success
Saved dialogue=1924 turn=0 status=success
Saved dialogue=1924 turn=1 status=success
Saved dialogue=1924 turn=2 status=success
Saved dialogue=1924 turn=3 status=success
Saved dialogue=1924 turn=4 status=success
Saved dialogue=1925 turn=0 status=success
Saved dialogue=1925 turn=1 status=success
Saved dialogue=1925 turn=2 status=success
Saved dialogue=1925 turn=3 status=success
Saved dialogue=1925 turn=4 status=success
Saved dialogue=1925 turn=5 status=success
Saved dialogue=1926 turn=0 status=success
Saved dialogue=1926 turn=1 status=success
Saved dialogue=1926 turn=2 status=success
Saved dialogue=1926 turn=3 status=success
Saved dialogue=1926 turn=4 status=success
Saved dialogue=1927 turn=0 status=success
Saved dialogue=1927 turn=1 status=success
Saved dialogue=1927 turn=2 status=success
Saved dialogue=1927 turn=3 status=success
Saved dialogue=1927 turn=4 status=success
Saved dialogue=1928 turn=0 status=success
Saved dialogue=1928 turn=1 status=success
Saved dialogue=1928 turn=2 status=success
Saved dialogue=1928 turn=3 status=success
Saved dialogue=1928 turn=4 status=success
Saved dialogue=1929 turn=0 status=success
Saved dialogue=1929 turn=1 status=success
Saved dialogue=1929 turn=2 status=success
Saved dialogue=1929 turn=3 status=success
Saved dialogue=1929 turn=4 status=success
Saved dialogue=1930 turn=0 status=success
Saved dialogue=1930 turn=1 status=success
Saved dialogue=1930 turn=2 status=success
Saved dialogue=1930 turn=3 status=success
Saved dialogue=1930 turn=4 status=success
Saved dialogue=1931 turn=0 status=success
Saved dialogue=1931 turn=1 status=success
Saved dialogue=1931 turn=2 status=success
Saved dialogue=1931 turn=3 status=success
Saved dialogue=1931 turn=4 status=success
Saved dialogue=1932 turn=0 status=success
Saved dialogue=1932 turn=1 status=success
Saved dialogue=1932 turn=2 status=success
Saved dialogue=1932 turn=3 status=success
Saved dialogue=1932 turn=4 status=success
Saved dialogue=1933 turn=0 status=success
Saved dialogue=1933 turn=1 status=success
Saved dialogue=1933 turn=2 status=success
Saved dialogue=1933 turn=3 status=success
Saved dialogue=1933 turn=4 status=success
Saved dialogue=1934 turn=0 status=success
Saved dialogue=1934 turn=1 status=success
Saved dialogue=1934 turn=2 status=success
Saved dialogue=1934 turn=3 status=success
Saved dialogue=1934 turn=4 status=success
Saved dialogue=1935 turn=0 status=success
Saved dialogue=1935 turn=1 status=success
Saved dialogue=1935 turn=2 status=success
Saved dialogue=1935 turn=3 status=success
Saved dialogue=1935 turn=4 status=success
Saved dialogue=1936 turn=0 status=success
Saved dialogue=1936 turn=1 status=success
Saved dialogue=1936 turn=2 status=success
Saved dialogue=1936 turn=3 status=success
Saved dialogue=1936 turn=4 status=success
Saved dialogue=1937 turn=0 status=success
Saved dialogue=1937 turn=1 status=success
Saved dialogue=1937 turn=2 status=success
Saved dialogue=1937 turn=3 status=success
Saved dialogue=1937 turn=4 status=success
Saved dialogue=1938 turn=0 status=success
Saved dialogue=1938 turn=1 status=success
Saved dialogue=1938 turn=2 status=success
Saved dialogue=1938 turn=3 status=success
Saved dialogue=1938 turn=4 status=success
Saved dialogue=1939 turn=0 status=success
Saved dialogue=1939 turn=1 status=success
Saved dialogue=1939 turn=2 status=success
Saved dialogue=1939 turn=3 status=success
Saved dialogue=1939 turn=4 status=success
Saved dialogue=1940 turn=0 status=success
Saved dialogue=1940 turn=1 status=success
Saved dialogue=1940 turn=2 status=success
Saved dialogue=1940 turn=3 status=success
Saved dialogue=1940 turn=4 status=success
Saved dialogue=1941 turn=0 status=success
Saved dialogue=1941 turn=1 status=success
Saved dialogue=1941 turn=2 status=success
Saved dialogue=1941 turn=3 status=success
Saved dialogue=1941 turn=4 status=success
Saved dialogue=1942 turn=0 status=success
Saved dialogue=1942 turn=1 status=success
Saved dialogue=1942 turn=2 status=success
Saved dialogue=1942 turn=3 status=success
Saved dialogue=1942 turn=4 status=success
Saved dialogue=1943 turn=0 status=success
Saved dialogue=1943 turn=1 status=success
Saved dialogue=1943 turn=2 status=success
Saved dialogue=1943 turn=3 status=success
Saved dialogue=1943 turn=4 status=success
Saved dialogue=1944 turn=0 status=success
Saved dialogue=1944 turn=1 status=success
Saved dialogue=1944 turn=2 status=success
Saved dialogue=1944 turn=3 status=success
Saved dialogue=1944 turn=4 status=success
Saved dialogue=1945 turn=0 status=success
Saved dialogue=1945 turn=1 status=success
Saved dialogue=1945 turn=2 status=success
Saved dialogue=1945 turn=3 status=success
Saved dialogue=1945 turn=4 status=success
Saved dialogue=1946 turn=0 status=success
Saved dialogue=1946 turn=1 status=success
Saved dialogue=1946 turn=2 status=success
Saved dialogue=1946 turn=3 status=success
Saved dialogue=1946 turn=4 status=success
Saved dialogue=1947 turn=0 status=success
Saved dialogue=1947 turn=1 status=success
Saved dialogue=1947 turn=2 status=success
Saved dialogue=1947 turn=3 status=success
Saved dialogue=1947 turn=4 status=success
Saved dialogue=1948 turn=0 status=success
Saved dialogue=1948 turn=1 status=success
Saved dialogue=1948 turn=2 status=success
Saved dialogue=1948 turn=3 status=success
Saved dialogue=1948 turn=4 status=success
Saved dialogue=1949 turn=0 status=success
Saved dialogue=1949 turn=1 status=success
Saved dialogue=1949 turn=2 status=success
Saved dialogue=1949 turn=3 status=success
Saved dialogue=1949 turn=4 status=success
Saved dialogue=1950 turn=0 status=success
Saved dialogue=1950 turn=1 status=success
Saved dialogue=1950 turn=2 status=success
Saved dialogue=1950 turn=3 status=success
Saved dialogue=1950 turn=4 status=success
Saved dialogue=1951 turn=0 status=success
Saved dialogue=1951 turn=1 status=success
Saved dialogue=1951 turn=2 status=success
Saved dialogue=1951 turn=3 status=success
Saved dialogue=1951 turn=4 status=success
Saved dialogue=1952 turn=0 status=success
Saved dialogue=1952 turn=1 status=success
Saved dialogue=1952 turn=2 status=success
Saved dialogue=1952 turn=3 status=success
Saved dialogue=1952 turn=4 status=success
Saved dialogue=1953 turn=0 status=success
Saved dialogue=1953 turn=1 status=success
Saved dialogue=1953 turn=2 status=success
Saved dialogue=1953 turn=3 status=success
Saved dialogue=1953 turn=4 status=success
Saved dialogue=1954 turn=0 status=success
Saved dialogue=1954 turn=1 status=success
Saved dialogue=1954 turn=2 status=success
Saved dialogue=1954 turn=3 status=success
Saved dialogue=1954 turn=4 status=success
Saved dialogue=1955 turn=0 status=success
Saved dialogue=1955 turn=1 status=success
Saved dialogue=1955 turn=2 status=success
Saved dialogue=1955 turn=3 status=success
Saved dialogue=1955 turn=4 status=success
Saved dialogue=1955 turn=5 status=success
Saved dialogue=1956 turn=0 status=success
Saved dialogue=1956 turn=1 status=success
Saved dialogue=1956 turn=2 status=success
Saved dialogue=1956 turn=3 status=success
Saved dialogue=1956 turn=4 status=success
Saved dialogue=1957 turn=0 status=success
Saved dialogue=1957 turn=1 status=success
Saved dialogue=1957 turn=2 status=success
Saved dialogue=1957 turn=3 status=success
Saved dialogue=1957 turn=4 status=success
Saved dialogue=1958 turn=0 status=success
Saved dialogue=1958 turn=1 status=success
Saved dialogue=1958 turn=2 status=success
Saved dialogue=1958 turn=3 status=success
Saved dialogue=1958 turn=4 status=success
Saved dialogue=1959 turn=0 status=success
Saved dialogue=1959 turn=1 status=success
Saved dialogue=1959 turn=2 status=success
Saved dialogue=1959 turn=3 status=success
Saved dialogue=1959 turn=4 status=success
Saved dialogue=1960 turn=0 status=success
Saved dialogue=1960 turn=1 status=success
Saved dialogue=1960 turn=2 status=success
Saved dialogue=1960 turn=3 status=success
Saved dialogue=1960 turn=4 status=success
Saved dialogue=1961 turn=0 status=success
Saved dialogue=1961 turn=1 status=success
Saved dialogue=1961 turn=2 status=success
Saved dialogue=1961 turn=3 status=success
Saved dialogue=1961 turn=4 status=success
Saved dialogue=1962 turn=0 status=success
Saved dialogue=1962 turn=1 status=success
Saved dialogue=1962 turn=2 status=success
Saved dialogue=1962 turn=3 status=success
Saved dialogue=1962 turn=4 status=success
Saved dialogue=1963 turn=0 status=success
Saved dialogue=1963 turn=1 status=success
Saved dialogue=1963 turn=2 status=success
Saved dialogue=1963 turn=3 status=success
Saved dialogue=1963 turn=4 status=success
Saved dialogue=1964 turn=0 status=success
Saved dialogue=1964 turn=1 status=success
Saved dialogue=1964 turn=2 status=success
Saved dialogue=1964 turn=3 status=success
Saved dialogue=1964 turn=4 status=success
Saved dialogue=1965 turn=0 status=success
Saved dialogue=1965 turn=1 status=success
Saved dialogue=1965 turn=2 status=success
Saved dialogue=1965 turn=3 status=success
Saved dialogue=1965 turn=4 status=success
Saved dialogue=1966 turn=0 status=success
Saved dialogue=1966 turn=1 status=success
Saved dialogue=1966 turn=2 status=success
Saved dialogue=1966 turn=3 status=success
Saved dialogue=1966 turn=4 status=success
Saved dialogue=1967 turn=0 status=success
Saved dialogue=1967 turn=1 status=success
Saved dialogue=1967 turn=2 status=success
Saved dialogue=1967 turn=3 status=success
Saved dialogue=1967 turn=4 status=success
Saved dialogue=1968 turn=0 status=success
Saved dialogue=1968 turn=1 status=success
Saved dialogue=1968 turn=2 status=success
Saved dialogue=1968 turn=3 status=success
Saved dialogue=1968 turn=4 status=success
Saved dialogue=1969 turn=0 status=success
Saved dialogue=1969 turn=1 status=success
Saved dialogue=1969 turn=2 status=success
Saved dialogue=1969 turn=3 status=success
Saved dialogue=1969 turn=4 status=success
Saved dialogue=1970 turn=0 status=success
Saved dialogue=1970 turn=1 status=success
Saved dialogue=1970 turn=2 status=success
Saved dialogue=1970 turn=3 status=success
Saved dialogue=1970 turn=4 status=success
Saved dialogue=1971 turn=0 status=success
Saved dialogue=1971 turn=1 status=success
Saved dialogue=1971 turn=2 status=success
Saved dialogue=1971 turn=3 status=success
Saved dialogue=1971 turn=4 status=success
Saved dialogue=1972 turn=0 status=success
Saved dialogue=1972 turn=1 status=success
Saved dialogue=1972 turn=2 status=success
Saved dialogue=1972 turn=3 status=success
Saved dialogue=1972 turn=4 status=success
Saved dialogue=1973 turn=0 status=success
Saved dialogue=1973 turn=1 status=success
Saved dialogue=1973 turn=2 status=success
Saved dialogue=1973 turn=3 status=success
Saved dialogue=1973 turn=4 status=success
Saved dialogue=1974 turn=0 status=success
Saved dialogue=1974 turn=1 status=success
Saved dialogue=1974 turn=2 status=success
Saved dialogue=1974 turn=3 status=success
Saved dialogue=1974 turn=4 status=success
Saved dialogue=1975 turn=0 status=success
Saved dialogue=1975 turn=1 status=success
Saved dialogue=1975 turn=2 status=success
Saved dialogue=1975 turn=3 status=success
Saved dialogue=1975 turn=4 status=success
Saved dialogue=1976 turn=0 status=success
Saved dialogue=1976 turn=1 status=success
Saved dialogue=1976 turn=2 status=success
Saved dialogue=1976 turn=3 status=success
Saved dialogue=1976 turn=4 status=success
Saved dialogue=1977 turn=0 status=success
Saved dialogue=1977 turn=1 status=success
Saved dialogue=1977 turn=2 status=success
Saved dialogue=1977 turn=3 status=success
Saved dialogue=1977 turn=4 status=success
Saved dialogue=1978 turn=0 status=success
Saved dialogue=1978 turn=1 status=success
Saved dialogue=1978 turn=2 status=success
Saved dialogue=1978 turn=3 status=success
Saved dialogue=1978 turn=4 status=success
Saved dialogue=1979 turn=0 status=success
Saved dialogue=1979 turn=1 status=success
Saved dialogue=1979 turn=2 status=success
Saved dialogue=1979 turn=3 status=success
Saved dialogue=1979 turn=4 status=success
Saved dialogue=1980 turn=0 status=success
Saved dialogue=1980 turn=1 status=success
Saved dialogue=1980 turn=2 status=success
Saved dialogue=1980 turn=3 status=success
Saved dialogue=1980 turn=4 status=success
Saved dialogue=1981 turn=0 status=success
Saved dialogue=1981 turn=1 status=success
Saved dialogue=1981 turn=2 status=success
Saved dialogue=1981 turn=3 status=success
Saved dialogue=1981 turn=4 status=success
Saved dialogue=1982 turn=0 status=success
Saved dialogue=1982 turn=1 status=success
Saved dialogue=1982 turn=2 status=success
Saved dialogue=1982 turn=3 status=success
Saved dialogue=1982 turn=4 status=success
Saved dialogue=1983 turn=0 status=success
Saved dialogue=1983 turn=1 status=success
Saved dialogue=1983 turn=2 status=success
Saved dialogue=1983 turn=3 status=success
Saved dialogue=1983 turn=4 status=success
Saved dialogue=1984 turn=0 status=success
Saved dialogue=1984 turn=1 status=success
Saved dialogue=1984 turn=2 status=success
Saved dialogue=1984 turn=3 status=success
Saved dialogue=1984 turn=4 status=success
Saved dialogue=1985 turn=0 status=success
Saved dialogue=1985 turn=1 status=success
Saved dialogue=1985 turn=2 status=success
Saved dialogue=1985 turn=3 status=success
Saved dialogue=1985 turn=4 status=success
Saved dialogue=1986 turn=0 status=success
Saved dialogue=1986 turn=1 status=success
Saved dialogue=1986 turn=2 status=success
Saved dialogue=1986 turn=3 status=success
Saved dialogue=1986 turn=4 status=success
Saved dialogue=1987 turn=0 status=success
Saved dialogue=1987 turn=1 status=success
Saved dialogue=1987 turn=2 status=success
Saved dialogue=1987 turn=3 status=success
Saved dialogue=1987 turn=4 status=success
Saved dialogue=1988 turn=0 status=success
Saved dialogue=1988 turn=1 status=success
Saved dialogue=1988 turn=2 status=success
Saved dialogue=1988 turn=3 status=success
Saved dialogue=1988 turn=4 status=success
Saved dialogue=1989 turn=0 status=success
Saved dialogue=1989 turn=1 status=success
Saved dialogue=1989 turn=2 status=success
Saved dialogue=1989 turn=3 status=success
Saved dialogue=1989 turn=4 status=success
Saved dialogue=1990 turn=0 status=success
Saved dialogue=1990 turn=1 status=success
Saved dialogue=1990 turn=2 status=success
Saved dialogue=1990 turn=3 status=success
Saved dialogue=1990 turn=4 status=success
Saved dialogue=1991 turn=0 status=success
Saved dialogue=1991 turn=1 status=success
Saved dialogue=1991 turn=2 status=success
Saved dialogue=1991 turn=3 status=success
Saved dialogue=1991 turn=4 status=success
Saved dialogue=1992 turn=0 status=success
Saved dialogue=1992 turn=1 status=success
Saved dialogue=1992 turn=2 status=success
Saved dialogue=1992 turn=3 status=success
Saved dialogue=1992 turn=4 status=success
Saved dialogue=1993 turn=0 status=success
Saved dialogue=1993 turn=1 status=success
Saved dialogue=1993 turn=2 status=success
Saved dialogue=1993 turn=3 status=success
Saved dialogue=1993 turn=4 status=success
Saved dialogue=1994 turn=0 status=success
Saved dialogue=1994 turn=1 status=success
Saved dialogue=1994 turn=2 status=success
Saved dialogue=1994 turn=3 status=success
Saved dialogue=1994 turn=4 status=success
Saved dialogue=1995 turn=0 status=success
Saved dialogue=1995 turn=1 status=success
Saved dialogue=1995 turn=2 status=success
Saved dialogue=1995 turn=3 status=success
Saved dialogue=1995 turn=4 status=success
Saved dialogue=1996 turn=0 status=success
Saved dialogue=1996 turn=1 status=success
Saved dialogue=1996 turn=2 status=success
Saved dialogue=1996 turn=3 status=success
Saved dialogue=1996 turn=4 status=success
Saved dialogue=1997 turn=0 status=success
Saved dialogue=1997 turn=1 status=success
Saved dialogue=1997 turn=2 status=success
Saved dialogue=1997 turn=3 status=success
Saved dialogue=1997 turn=4 status=success
Saved dialogue=1998 turn=0 status=success
Saved dialogue=1998 turn=1 status=success
Saved dialogue=1998 turn=2 status=success
Saved dialogue=1998 turn=3 status=success
Saved dialogue=1998 turn=4 status=success
Saved dialogue=1999 turn=0 status=success
Saved dialogue=1999 turn=1 status=success
Saved dialogue=1999 turn=2 status=success
Saved dialogue=1999 turn=3 status=success
Saved dialogue=1999 turn=4 status=success
Saved dialogue=2000 turn=0 status=success
Saved dialogue=2000 turn=1 status=success
Saved dialogue=2000 turn=2 status=success
Saved dialogue=2000 turn=3 status=success
Saved dialogue=2000 turn=4 status=success
Saved dialogue=2001 turn=0 status=success
Saved dialogue=2001 turn=1 status=success
Saved dialogue=2001 turn=2 status=success
Saved dialogue=2001 turn=3 status=success
Saved dialogue=2001 turn=4 status=success
Saved dialogue=2001 turn=5 status=success
Saved dialogue=2002 turn=0 status=success
Saved dialogue=2002 turn=1 status=success
Saved dialogue=2002 turn=2 status=success
Saved dialogue=2002 turn=3 status=success
Saved dialogue=2002 turn=4 status=success
Saved dialogue=2003 turn=0 status=success
Saved dialogue=2003 turn=1 status=success
Saved dialogue=2003 turn=2 status=success
Saved dialogue=2003 turn=3 status=success
Saved dialogue=2003 turn=4 status=success
Saved dialogue=2004 turn=0 status=success
Saved dialogue=2004 turn=1 status=success
Saved dialogue=2004 turn=2 status=success
Saved dialogue=2004 turn=3 status=success
Saved dialogue=2004 turn=4 status=success
Saved dialogue=2005 turn=0 status=success
Saved dialogue=2005 turn=1 status=success
Saved dialogue=2005 turn=2 status=success
Saved dialogue=2005 turn=3 status=success
Saved dialogue=2005 turn=4 status=success
Saved dialogue=2006 turn=0 status=success
Saved dialogue=2006 turn=1 status=success
Saved dialogue=2006 turn=2 status=success
Saved dialogue=2006 turn=3 status=success
Saved dialogue=2006 turn=4 status=success
Saved dialogue=2007 turn=0 status=success
Saved dialogue=2007 turn=1 status=success
Saved dialogue=2007 turn=2 status=success
Saved dialogue=2007 turn=3 status=success
Saved dialogue=2007 turn=4 status=success
Saved dialogue=2008 turn=0 status=success
Saved dialogue=2008 turn=1 status=success
Saved dialogue=2008 turn=2 status=success
Saved dialogue=2008 turn=3 status=success
Saved dialogue=2008 turn=4 status=success
Saved dialogue=2009 turn=0 status=success
Saved dialogue=2009 turn=1 status=success
Saved dialogue=2009 turn=2 status=success
Saved dialogue=2009 turn=3 status=success
Saved dialogue=2009 turn=4 status=success
Saved dialogue=2010 turn=0 status=success
Saved dialogue=2010 turn=1 status=success
Saved dialogue=2010 turn=2 status=success
Saved dialogue=2010 turn=3 status=success
Saved dialogue=2010 turn=4 status=success
Saved dialogue=2011 turn=0 status=success
Saved dialogue=2011 turn=1 status=success
Saved dialogue=2011 turn=2 status=success
Saved dialogue=2011 turn=3 status=success
Saved dialogue=2011 turn=4 status=success
Saved dialogue=2012 turn=0 status=success
Saved dialogue=2012 turn=1 status=success
Saved dialogue=2012 turn=2 status=success
Saved dialogue=2012 turn=3 status=success
Saved dialogue=2012 turn=4 status=success
Saved dialogue=2013 turn=0 status=success
Saved dialogue=2013 turn=1 status=success
Saved dialogue=2013 turn=2 status=success
Saved dialogue=2013 turn=3 status=success
Saved dialogue=2013 turn=4 status=success
Saved dialogue=2014 turn=0 status=success
Saved dialogue=2014 turn=1 status=success
Saved dialogue=2014 turn=2 status=success
Saved dialogue=2014 turn=3 status=success
Saved dialogue=2014 turn=4 status=success
Saved dialogue=2015 turn=0 status=success
Saved dialogue=2015 turn=1 status=success
Saved dialogue=2015 turn=2 status=success
Saved dialogue=2015 turn=3 status=success
Saved dialogue=2015 turn=4 status=success
Saved dialogue=2016 turn=0 status=success
Saved dialogue=2016 turn=1 status=success
Saved dialogue=2016 turn=2 status=success
Saved dialogue=2016 turn=3 status=success
Saved dialogue=2016 turn=4 status=success
Saved dialogue=2017 turn=0 status=success
Saved dialogue=2017 turn=1 status=success
Saved dialogue=2017 turn=2 status=success
Saved dialogue=2017 turn=3 status=success
Saved dialogue=2017 turn=4 status=success
Saved dialogue=2018 turn=0 status=success
Saved dialogue=2018 turn=1 status=success
Saved dialogue=2018 turn=2 status=success
Saved dialogue=2018 turn=3 status=success
Saved dialogue=2018 turn=4 status=success
Saved dialogue=2019 turn=0 status=success
Saved dialogue=2019 turn=1 status=success
Saved dialogue=2019 turn=2 status=success
Saved dialogue=2019 turn=3 status=success
Saved dialogue=2019 turn=4 status=success
Saved dialogue=2020 turn=0 status=success
Saved dialogue=2020 turn=1 status=success
Saved dialogue=2020 turn=2 status=success
Saved dialogue=2020 turn=3 status=success
Saved dialogue=2020 turn=4 status=success
Saved dialogue=2021 turn=0 status=success
Saved dialogue=2021 turn=1 status=success
Saved dialogue=2021 turn=2 status=success
Saved dialogue=2021 turn=3 status=success
Saved dialogue=2021 turn=4 status=success
Saved dialogue=2022 turn=0 status=success
Saved dialogue=2022 turn=1 status=success
Saved dialogue=2022 turn=2 status=success
Saved dialogue=2022 turn=3 status=success
Saved dialogue=2022 turn=4 status=success
Saved dialogue=2023 turn=0 status=success
Saved dialogue=2023 turn=1 status=success
Saved dialogue=2023 turn=2 status=success
Saved dialogue=2023 turn=3 status=success
Saved dialogue=2023 turn=4 status=success
Saved dialogue=2024 turn=0 status=success
Saved dialogue=2024 turn=1 status=success
Saved dialogue=2024 turn=2 status=success
Saved dialogue=2024 turn=3 status=success
Saved dialogue=2024 turn=4 status=success
Saved dialogue=2025 turn=0 status=success
Saved dialogue=2025 turn=1 status=success
Saved dialogue=2025 turn=2 status=success
Saved dialogue=2025 turn=3 status=success
Saved dialogue=2025 turn=4 status=success
Saved dialogue=2026 turn=0 status=success
Saved dialogue=2026 turn=1 status=success
Saved dialogue=2026 turn=2 status=success
Saved dialogue=2026 turn=3 status=success
Saved dialogue=2026 turn=4 status=success
Saved dialogue=2027 turn=0 status=success
Saved dialogue=2027 turn=1 status=success
Saved dialogue=2027 turn=2 status=success
Saved dialogue=2027 turn=3 status=success
Saved dialogue=2027 turn=4 status=success
Saved dialogue=2028 turn=0 status=success
Saved dialogue=2028 turn=1 status=success
Saved dialogue=2028 turn=2 status=success
Saved dialogue=2028 turn=3 status=success
Saved dialogue=2028 turn=4 status=success
Saved dialogue=2028 turn=5 status=success
Saved dialogue=2029 turn=0 status=success
Saved dialogue=2029 turn=1 status=success
Saved dialogue=2029 turn=2 status=success
Saved dialogue=2029 turn=3 status=success
Saved dialogue=2029 turn=4 status=success
Saved dialogue=2030 turn=0 status=success
Saved dialogue=2030 turn=1 status=success
Saved dialogue=2030 turn=2 status=success
Saved dialogue=2030 turn=3 status=success
Saved dialogue=2030 turn=4 status=success
Saved dialogue=2031 turn=0 status=success
Saved dialogue=2031 turn=1 status=success
Saved dialogue=2031 turn=2 status=success
Saved dialogue=2031 turn=3 status=success
Saved dialogue=2031 turn=4 status=success
Saved dialogue=2032 turn=0 status=success
