Saved dialogue=1 turn=0 candidates=5
Saved dialogue=1 turn=1 candidates=5
Saved dialogue=1 turn=2 candidates=5
Saved dialogue=1 turn=3 candidates=5
Saved dialogue=1 turn=4 candidates=5
Saved dialogue=1 turn=0 candidates=5
Saved dialogue=1 turn=1 candidates=5
Saved dialogue=1 turn=2 candidates=5
Saved dialogue=1 turn=3 candidates=5
Saved dialogue=1 turn=4 candidates=5
{
  "fixture_root": "/tmp/dcgs-methods-offline-c8bygn_a",
  "real_backbone_calls": 0,
  "methods": {
    "vdcgs": {
      "passed": true,
      "dialogues": 1,
      "turns": 5,
      "input_truncated_turns": 0,
      "adapter_required": false,
      "judge_calls": 0,
      "dcgs_audit_passed": true,
      "call_counts": {
        "generate": 30,
        "hl_score": 25,
        "ll_score": 25
      },
      "generations_at_token_cap": 0,
      "response_candidates": 25,
      "byte_identical_noop_resume": true
    },
    "rdcgs": {
      "passed": true,
      "dialogues": 1,
      "turns": 5,
      "input_truncated_turns": 0,
      "adapter_required": false,
      "judge_calls": 0,
      "dcgs_audit_passed": true,
      "call_counts": {
        "generate": 35,
        "hl_score": 50,
        "ll_score": 25
      },
      "generations_at_token_cap": 0,
      "response_candidates": 25,
      "byte_identical_noop_resume": true
    }
  },
  "historical_gpu_smoke": {
    "passed": true,
    "dialogues": 1,
    "turns": 5,
    "input_truncated_turns": 0,
    "adapter_required": false,
    "judge_calls": 0,
    "dcgs_audit_passed": true,
    "call_counts": {
      "generate": 35,
      "hl_score": 50,
      "ll_score": 25
    },
    "generations_at_token_cap": 2,
    "response_candidates": 25
  }
}
