Loading tokenizer: /common/home/users/d/darrius.ng.2024/projects/RL-Defense/DCGS/.cache/huggingface/hub/models--HuggingFaceH4--zephyr-7b-beta/snapshots/892b3d7a7b1cf10c7a701c60881cd93df615734c
Saved dialogue 1 turn 0
Saved dialogue 1 turn 1
Saved dialogue 1 turn 2
Saved dialogue 1 turn 3
Saved dialogue 1 turn 4
Saved dialogue 1 turn 0
Saved dialogue 1 turn 1
Saved dialogue 1 turn 2
Saved dialogue 1 turn 3
Saved dialogue 1 turn 4
Asking to truncate to max_length but no maximum length is provided and the model has no predefined maximum length. Default to no truncation.
{
  "model_inference_calls": 0,
  "methods": {
    "vdcgs": {
      "integrity_passed": true,
      "policy_parity_passed": true,
      "expected_turns": 5,
      "successful_turns": 5,
      "terminal_failed_turns": 0,
      "remaining_turns": 0,
      "terminal_failed_turn_keys": [],
      "execution_finished": true,
      "complete_without_failures": true,
      "dialogues": 1,
      "turns": 5,
      "critic_max_length": 1500,
      "critic_truncation_sides": [
        "left"
      ],
      "critic_candidate_contexts": 25,
      "critic_truncated_candidate_contexts": 5,
      "critic_truncated_turns": 1,
      "critic_truncated_turn_keys": [
        [
          1,
          4
        ]
      ],
      "critic_scoring_calls_by_head": {
        "predict_q_value": 25
      },
      "critic_scored_inputs_by_head": {
        "predict_q_value": 25
      },
      "critic_truncated_inputs_by_head": {
        "predict_q_value": 5
      },
      "critic_max_input_tokens": 1740,
      "critic_max_dropped_tokens": 240,
      "critic_full_context": false,
      "failed_or_interrupted_critic_context": {
        "critic_max_length": 1500,
        "critic_truncation_sides": [],
        "critic_candidate_contexts": 0,
        "critic_truncated_candidate_contexts": 0,
        "critic_truncated_turns": 0,
        "critic_truncated_turn_keys": [],
        "critic_scoring_calls_by_head": {},
        "critic_scored_inputs_by_head": {},
        "critic_truncated_inputs_by_head": {},
        "critic_max_input_tokens": 0,
        "critic_max_dropped_tokens": 0,
        "critic_full_context": null
      },
      "journal_events": 35,
      "non_successful_turn_events": 0,
      "interrupted_calls_with_unknown_cost": 0,
      "generation_calls": 10,
      "custom_empty_retries": 0,
      "judge_calls": 0,
      "generated_tokens_including_failed_and_interrupted": 0,
      "startup_failures_without_gpu_measurement": 0,
      "model_invocations_without_gpu_measurement": [
        "4f71d0ad93e24a1faa8b7deb9e344b86"
      ],
      "elapsed_seconds_recorded": 0.2259428680408746,
      "passed": true,
      "byte_identical_noop": true
    },
    "rdcgs": {
      "integrity_passed": true,
      "policy_parity_passed": true,
      "expected_turns": 5,
      "successful_turns": 5,
      "terminal_failed_turns": 0,
      "remaining_turns": 0,
      "terminal_failed_turn_keys": [],
      "execution_finished": true,
      "complete_without_failures": true,
      "dialogues": 1,
      "turns": 5,
      "critic_max_length": 1500,
      "critic_truncation_sides": [
        "left"
      ],
      "critic_candidate_contexts": 25,
      "critic_truncated_candidate_contexts": 5,
      "critic_truncated_turns": 1,
      "critic_truncated_turn_keys": [
        [
          1,
          4
        ]
      ],
      "critic_scoring_calls_by_head": {
        "predict_q_value": 50,
        "predict_q_min_value": 50,
        "predict_regret_value": 50
      },
      "critic_scored_inputs_by_head": {
        "predict_q_value": 50,
        "predict_q_min_value": 50,
        "predict_regret_value": 50
      },
      "critic_truncated_inputs_by_head": {
        "predict_q_value": 10,
        "predict_q_min_value": 10,
        "predict_regret_value": 10
      },
      "critic_max_input_tokens": 1740,
      "critic_max_dropped_tokens": 240,
      "critic_full_context": false,
      "failed_or_interrupted_critic_context": {
        "critic_max_length": 1500,
        "critic_truncation_sides": [],
        "critic_candidate_contexts": 0,
        "critic_truncated_candidate_contexts": 0,
        "critic_truncated_turns": 0,
        "critic_truncated_turn_keys": [],
        "critic_scoring_calls_by_head": {},
        "critic_scored_inputs_by_head": {},
        "critic_truncated_inputs_by_head": {},
        "critic_max_input_tokens": 0,
        "critic_max_dropped_tokens": 0,
        "critic_full_context": null
      },
      "journal_events": 165,
      "non_successful_turn_events": 0,
      "interrupted_calls_with_unknown_cost": 0,
      "generation_calls": 15,
      "custom_empty_retries": 0,
      "judge_calls": 0,
      "generated_tokens_including_failed_and_interrupted": 0,
      "startup_failures_without_gpu_measurement": 0,
      "model_invocations_without_gpu_measurement": [
        "92ff4a3d87d14282bf4c17e31934efbe"
      ],
      "elapsed_seconds_recorded": 1.1828189219813794,
      "passed": true,
      "byte_identical_noop": true
    }
  },
  "original_batch_generate_instrumentation": "PASS",
  "original_critic_encoding_matches_diagnostics": "PASS"
}
