Loading tokenizer: /common/home/users/d/darrius.ng.2024/projects/RL-Defense/DCGS/.cache/huggingface/hub/models--HuggingFaceH4--zephyr-7b-beta/snapshots/892b3d7a7b1cf10c7a701c60881cd93df615734c
Saved dialogue 1 turn 0
Saved dialogue 1 turn 1
Saved dialogue 1 turn 2
Saved dialogue 1 turn 3
Saved dialogue 1 turn 4
Saved dialogue 1 turn 0
Saved dialogue 1 turn 1
Saved dialogue 1 turn 2
Saved dialogue 1 turn 3
Saved dialogue 1 turn 4
Asking to truncate to max_length but no maximum length is provided and the model has no predefined maximum length. Default to no truncation.
{
  "model_inference_calls": 0,
  "methods": {
    "vdcgs": {
      "passed": true,
      "dialogues": 1,
      "turns": 5,
      "input_truncated_turns": 0,
      "adapter_required": false,
      "judge_calls": 0,
      "journal_events": 35,
      "abandoned_events": 0,
      "interrupted_calls_with_unknown_cost": 0,
      "generation_calls": 10,
      "custom_empty_retries": 0,
      "generated_tokens_including_abandoned": 0,
      "critic_truncated_inputs": 0,
      "byte_identical_noop": true
    },
    "rdcgs": {
      "passed": true,
      "dialogues": 1,
      "turns": 5,
      "input_truncated_turns": 0,
      "adapter_required": false,
      "judge_calls": 0,
      "journal_events": 165,
      "abandoned_events": 0,
      "interrupted_calls_with_unknown_cost": 0,
      "generation_calls": 15,
      "custom_empty_retries": 0,
      "generated_tokens_including_abandoned": 0,
      "critic_truncated_inputs": 0,
      "byte_identical_noop": true
    }
  },
  "original_batch_generate_instrumentation": "PASS"
}
