RECORDED dialogue=1 turn=0 event=12: missing_opening_tag
RECORDED dialogue=1 turn=0 event=23: missing_opening_tag
Saved dialogue=1 turn=0 candidates=13 error=None
RECORDED dialogue=1 turn=1 event=12: missing_opening_tag
RECORDED dialogue=1 turn=1 event=23: missing_opening_tag
Saved dialogue=1 turn=1 candidates=13 error=None
RECORDED dialogue=1 turn=2 event=12: missing_opening_tag
RECORDED dialogue=1 turn=2 event=23: missing_opening_tag
Saved dialogue=1 turn=2 candidates=13 error=None
RECORDED dialogue=1 turn=3 event=12: missing_opening_tag
RECORDED dialogue=1 turn=3 event=23: missing_opening_tag
Saved dialogue=1 turn=3 candidates=13 error=None
RECORDED dialogue=1 turn=4 event=12: missing_opening_tag
RECORDED dialogue=1 turn=4 event=23: missing_opening_tag
Saved dialogue=1 turn=4 candidates=13 error=None
WARNING dialogue=1 turn=0 event=0: ['empty_generation_retained_as_upstream']
WARNING dialogue=1 turn=0 event=2: ['empty_generation_retained_as_upstream']
WARNING dialogue=1 turn=0 event=4: ['empty_generation_retained_as_upstream']
WARNING dialogue=1 turn=0 event=6: ['empty_generation_retained_as_upstream']
WARNING dialogue=1 turn=0 event=8: ['empty_generation_retained_as_upstream']
RECORDED dialogue=1 turn=0 event=12: missing_opening_tag
RECORDED dialogue=1 turn=0 event=23: missing_opening_tag
Saved dialogue=1 turn=0 candidates=13 error=empty_selected_answer
RECORDED dialogue=1 turn=1 event=12: missing_opening_tag
RECORDED dialogue=1 turn=1 event=23: missing_opening_tag
Saved dialogue=1 turn=1 candidates=13 error=None
RECORDED dialogue=1 turn=2 event=12: missing_opening_tag
RECORDED dialogue=1 turn=2 event=23: missing_opening_tag
Saved dialogue=1 turn=2 candidates=13 error=None
RECORDED dialogue=1 turn=3 event=12: missing_opening_tag
RECORDED dialogue=1 turn=3 event=23: missing_opening_tag
Saved dialogue=1 turn=3 candidates=13 error=None
RECORDED dialogue=1 turn=4 event=12: missing_opening_tag
RECORDED dialogue=1 turn=4 event=23: missing_opening_tag
Saved dialogue=1 turn=4 candidates=13 error=None
{"with_candidate_skips": {"expected_turns": 5, "processed_turns": 5, "successful_turns": 5, "failed_turns": 0, "pending_turns": 0, "processing_complete": true, "complete_without_failures": true, "exported_dialogues": 1, "skipped_candidates": 10, "empty_candidates_scored": 0, "fatal_events": 0, "audit_passed": true, "passed": true, "partial_events": 0, "candidates": 65, "actual_generation_calls": 95, "actual_reward_calls": 65, "extra_generation_retries": 0, "judge_calls": 0, "noop_resume_byte_identical": true, "injected_calls": 160}, "with_terminal_failure": {"expected_turns": 5, "processed_turns": 5, "successful_turns": 4, "failed_turns": 1, "pending_turns": 0, "processing_complete": true, "complete_without_failures": false, "exported_dialogues": 0, "skipped_candidates": 10, "empty_candidates_scored": 5, "fatal_events": 0, "audit_passed": true, "passed": false, "partial_events": 0, "candidates": 65, "actual_generation_calls": 95, "actual_reward_calls": 65, "extra_generation_retries": 0, "judge_calls": 0, "noop_resume_byte_identical": true, "injected_calls": 160}}
